Microchip MPLAB XC8 Compiler V1.45 ()

Linker command line:

--edf=C:\Program Files (x86)\Microchip\xc8\v1.45\dat\en_msgs.txt -cs \
  -h+dist/pic18f4550/production\TRAIN_SIMULATOR_FW.X.production.sym \
  --cmf=dist/pic18f4550/production\TRAIN_SIMULATOR_FW.X.production.cmf -z \
  -Q18F4550 -oC:\Users\i14746\AppData\Local\Temp\s78k.2 \
  -Mdist/pic18f4550/production/TRAIN_SIMULATOR_FW.X.production.map -E1 \
  -ver=XC8 -ASTACK=0240h-03ffh -pstack=STACK -ACODE=00h-07FFFh \
  -ACONST=00h-07FFFh -ASMALLCONST=0800h-08FFhx120 \
  -AMEDIUMCONST=0800h-07FFFh -ACOMRAM=01h-05Fh -AABS1=00h-07FFh \
  -ABIGRAM=01h-07FFh -ARAM=060h-0FFh,0100h-01FFhx7 -ABANK0=060h-0FFh \
  -ABANK1=0100h-01FFh -ABANK2=0200h-02FFh -ABANK3=0300h-03FFh \
  -ABANK4=0400h-04FFh -ABANK5=0500h-05FFh -ABANK6=0600h-06FFh \
  -ABANK7=0700h-07FFh -ASFR=0F60h-0FFFh \
  -preset_vec=00h,intcode=08h,intcodelo,powerup,init -pramtop=0800h \
  -psmallconst=SMALLCONST -pmediumconst=MEDIUMCONST -pconst=CONST \
  -AFARRAM=00h-00h -ACONFIG=0300000h-030000Dh -pconfig=CONFIG \
  -AIDLOC=0200000h-0200007h -pidloc=IDLOC -AEEDATA=0F00000h-0F000FFh \
  -peeprom_data=EEDATA \
  -prdata=COMRAM,nvrram=COMRAM,nvbit=COMRAM,rbss=COMRAM,rbit=COMRAM \
  -pfarbss=FARRAM,fardata=FARRAM,nvFARRAM=FARRAM \
  -pintsave_regs=BIGRAM,bigbss=BIGRAM,bigdata=BIGRAM -pbss=RAM \
  -pidata=CODE,irdata=CODE,ibigdata=CODE,ifardata=CODE -prparam=COMRAM \
  C:\Users\i14746\AppData\Local\Temp\s78k.obj \
  dist/pic18f4550/production\TRAIN_SIMULATOR_FW.X.production.obj 

Object code version is 3.11

Machine type is 18F4550

Call graph: (short form)




                Name                               Link     Load   Length Selector   Space Scale
C:\Users\i14746\AppData\Local\Temp\s78k.obj
                init                                  E        E        4        4       0
                reset_vec                             0        0        4        0       0
                idloc                            200000   200000        8   200000       0
                config                           300000   300000        E   300000       0
dist/pic18f4550/production\TRAIN_SIMULATOR_FW.X.production.obj
                intcode                               8        8        6        4       0
                temp                                 5E       5E        1        1       1
                smallconst                          800      800       CC      400       0
                text63                             21CC     21CC       CC      466       0
                text62                             24D4     24D4       BA      466       0
                text61                             2298     2298       C4      466       0
                text60                             1A56     1A56      10E      466       0
                text59                             3216     3216       5C      466       0
                text58                             2A28     2A28       94      466       0
                text57                             330A     330A       3C      466       0
                text56                             241A     241A       BA      466       0
                text55                             31B2     31B2       64      466       0
                text54                             34C4     34C4       26      466       0
                text53                             314E     314E       64      466       0
                text52                             2646     2646       B0      466       0
                text51                             2F34     2F34       72      466       0
                text50                              C6E      C6E      264      466       0
                text49                             1270     1270      12E      466       0
                text48                             27A4     27A4       A8      466       0
                text47                             3446     3446       2C      466       0
                text46                             1F3E     1F3E       E2      466       0
                text45                             1E5C     1E5C       E2      466       0
                text44                             28F0     28F0       9E      466       0
                text43                             1D6A     1D6A       F2      466       0
                text42                             2BCC     2BCC       84      466       0
                text41                             20FE     20FE       CE      466       0
                text40                             32C8     32C8       42      466       0
                text39                             349C     349C       28      466       0
                text38                             3418     3418       2E      466       0
                text37                             14CA     14CA      12C      466       0
                text36                             113E     113E      132      466       0
                intcode_body                       298E     298E       9A      466       0
                text34                             235C     235C       BE      466       0
                text33                             1008     1008      136      466       0
                text32                             258E     258E       B8      466       0
                text31                             350C     350C       22      466       0
                text30                             1C6A     1C6A      100      466       0
                text29                             352E     352E       1E      466       0
                text28                             33B4     33B4       34      466       0
                text27                             33E8     33E8       30      466       0
                text26                             139E     139E      12C      466       0
                text25                             1B64     1B64      106      466       0
                text24                             3272     3272       56      466       0
                text23                             34EA     34EA       22      466       0
                text22                             354C     354C        E      466       0
                text21                             30E4     30E4       6A      466       0
                text20                             2DCA     2DCA       7E      466       0
                text19                             307A     307A       6A      466       0
                text18                             2D4C     2D4C       7E      466       0
                text17                             3010     3010       6A      466       0
                text16                             2CCE     2CCE       7E      466       0
                text15                             2FA6     2FA6       6A      466       0
                text14                             2C50     2C50       7E      466       0
                text13                              ED2      ED2      136      466       0
                text12                             3346     3346       3A      466       0
                text11                             2020     2020       DE      466       0
                text10                             284C     284C       A4      466       0
                text9                              2B48     2B48       84      466       0
                text8                              193E     193E      118      466       0
                text7                              1826     1826      118      466       0
                text6                              170E     170E      118      466       0
                text5                              15F6     15F6      118      466       0
                text4                               8CC      8CC      3A2      466       0
                text3                              2ABC     2ABC       8C      466       0
                text2                              3380     3380       34      466       0
                text1                              2E48     2E48       7A      466       0
                text0                              3472     3472       2A      466       0
                cstackCOMRAM                          1        1       30        1       1
                cstackBANK0                          E3       E3       1B       60       1
                bssBIGRAMl                          580      580      1C5      580       1
                bssBANK2                            200      200       40      200       1
                dataBANK1                           100      100       AE      100       1
                bssBANK1                            1AE      1AE       40      100       1
                bssBANK0                             60       60       83       60       1
                bssCOMRAM                            31       31       2D        1       1
                cinit                              2EC2     2EC2       72      466       0
                idataBANK1                         26F6     26F6       AE      466       0

TOTAL           Name                               Link     Load   Length     Space
        CLASS   STACK          

        CLASS   CODE           
                intcode                               8        8        6         0
                init                                  E        E        4         0
                reset_vec                             0        0        4         0
                text63                             21CC     21CC       CC         0
                text62                             24D4     24D4       BA         0
                text61                             2298     2298       C4         0
                text60                             1A56     1A56      10E         0
                text59                             3216     3216       5C         0
                text58                             2A28     2A28       94         0
                text57                             330A     330A       3C         0
                text56                             241A     241A       BA         0
                text55                             31B2     31B2       64         0
                text54                             34C4     34C4       26         0
                text53                             314E     314E       64         0
                text52                             2646     2646       B0         0
                text51                             2F34     2F34       72         0
                text50                              C6E      C6E      264         0
                text49                             1270     1270      12E         0
                text48                             27A4     27A4       A8         0
                text47                             3446     3446       2C         0
                text46                             1F3E     1F3E       E2         0
                text45                             1E5C     1E5C       E2         0
                text44                             28F0     28F0       9E         0
                text43                             1D6A     1D6A       F2         0
                text42                             2BCC     2BCC       84         0
                text41                             20FE     20FE       CE         0
                text40                             32C8     32C8       42         0
                text39                             349C     349C       28         0
                text38                             3418     3418       2E         0
                text37                             14CA     14CA      12C         0
                text36                             113E     113E      132         0
                intcode_body                       298E     298E       9A         0
                text34                             235C     235C       BE         0
                text33                             1008     1008      136         0
                text32                             258E     258E       B8         0
                text31                             350C     350C       22         0
                text30                             1C6A     1C6A      100         0
                text29                             352E     352E       1E         0
                text28                             33B4     33B4       34         0
                text27                             33E8     33E8       30         0
                text26                             139E     139E      12C         0
                text25                             1B64     1B64      106         0
                text24                             3272     3272       56         0
                text23                             34EA     34EA       22         0
                text22                             354C     354C        E         0
                text21                             30E4     30E4       6A         0
                text20                             2DCA     2DCA       7E         0
                text19                             307A     307A       6A         0
                text18                             2D4C     2D4C       7E         0
                text17                             3010     3010       6A         0
                text16                             2CCE     2CCE       7E         0
                text15                             2FA6     2FA6       6A         0
                text14                             2C50     2C50       7E         0
                text13                              ED2      ED2      136         0
                text12                             3346     3346       3A         0
                text11                             2020     2020       DE         0
                text10                             284C     284C       A4         0
                text9                              2B48     2B48       84         0
                text8                              193E     193E      118         0
                text7                              1826     1826      118         0
                text6                              170E     170E      118         0
                text5                              15F6     15F6      118         0
                text4                               8CC      8CC      3A2         0
                text3                              2ABC     2ABC       8C         0
                text2                              3380     3380       34         0
                text1                              2E48     2E48       7A         0
                text0                              3472     3472       2A         0
                cinit                              2EC2     2EC2       72         0
                idataBANK1                         26F6     26F6       AE         0

        CLASS   CONST          

        CLASS   SMALLCONST     
                smallconst                          800      800       CC         0

        CLASS   MEDIUMCONST    

        CLASS   COMRAM         
                temp                                 5E       5E        1         1
                cstackCOMRAM                          1        1       30         1
                bssCOMRAM                            31       31       2D         1

        CLASS   ABS1           
                abs_s1                              400      400       40         1
                abs_s1                              500      500       80         1

        CLASS   BIGRAM         
                bssBIGRAMl                          580      580      1C5         1

        CLASS   RAM            

        CLASS   BANK0          
                cstackBANK0                          E3       E3       1B         1
                bssBANK0                             60       60       83         1

        CLASS   BANK1          
                dataBANK1                           100      100       AE         1
                bssBANK1                            1AE      1AE       40         1

        CLASS   BANK2          
                bssBANK2                            200      200       40         1

        CLASS   BANK3          

        CLASS   BANK4          

        CLASS   BANK5          

        CLASS   BANK6          

        CLASS   BANK7          

        CLASS   SFR            

        CLASS   FARRAM         

        CLASS   CONFIG         
                config                           300000   300000        E         0

        CLASS   IDLOC          
                idloc                            200000   200000        8         0

        CLASS   EEDATA         



SEGMENTS        Name                           Load    Length   Top    Selector   Space  Class

                reset_vec                      000000  000004  000004         0       0  CODE    
                cstackCOMRAM                   000001  00005E  00005F         1       1  COMRAM  
                intcode                        000008  00000A  000012         4       0  CODE    
                bssBANK0                       000060  00009E  0000FE        60       1  BANK0   
                dataBANK1                      000100  0000EE  0001EE       100       1  BANK1   
                bssBANK2                       000200  000040  000240       200       1  BANK2   
                bssBIGRAMl                     000580  0001C5  000745       580       1  BIGRAM  
                smallconst                     000800  0000CC  0008CC       400       0  SMALLCON
                text4                          0008CC  002C8E  00355A       466       0  CODE    
                idloc                          200000  000008  200008    200000       0  IDLOC   
                config                         300000  00000E  30000E    300000       0  CONFIG  


UNUSED ADDRESS RANGES

        Name                Unused          Largest block    Delta
        BANK0            0000FE-0000FF                2
        BANK1            0001EE-0001FF               12
        BANK2            000240-0002FF               C0
        BANK3            000300-0003FF              100
        BANK4            000440-0004FF               C0
        BANK7            000745-0007FF               BB
        BIGRAM           00005F-00005F                1
                         0000FE-0000FF                2
                         0001EE-0001FF               12
                         000240-0003FF              1C0
                         000440-0004FF               C0
                         000745-0007FF               BB
        CODE             000004-000007                4
                         000012-0007FF              7EE
                         00355A-007FFF             4AA6
        COMRAM           00005F-00005F                1
        CONST            000004-000007                4
                         000012-0007FF              7EE
                         00355A-007FFF             4AA6
        EEDATA           F00000-F000FF              100
        MEDIUMCONST      00355A-007FFF             4AA6
        RAM              0000FE-0000FF                2
                         0001EE-0001FF               12
                         000240-0003FF               C0
                         000440-0004FF               C0
                         000745-0007FF               BB
        SFR              000F60-000FFF               A0
        SMALLCONST       00355A-007FFF              100
        STACK            000240-0003FF              1C0

                                  Symbol Table

?_USBTransferOnePacket                     cstackBANK0  0000E3
?___lldiv                                  cstackBANK0  0000E3
?_mii_get_data_offset_index                cstackBANK0  0000E3
?i2_USBTransferOnePacket                   cstackCOMRAM 000001
APP_DeviceCDCBasicDemoTasks@i              cstackBANK0  0000F5
APP_DeviceCDCBasicDemoTasks@numBytesRead   cstackBANK0  0000F4
APP_LEDUpdateUSBStatus@ledCount            bssCOMRAM    00003B
CDCTxService@byte_to_send                  cstackBANK0  0000EE
CDCTxService@i                             cstackBANK0  0000ED
SYSTEM_Initialize@state                    cstackBANK0  0000E3
USBConfigureEndpoint@EPNum                 cstackCOMRAM 000006
USBConfigureEndpoint@direction             cstackCOMRAM 000001
USBConfigureEndpoint@handle                cstackCOMRAM 000007
USBCtrlEPService@setup_cnt                 cstackCOMRAM 00001D
USBCtrlTrfInHandler@lastDTS                cstackCOMRAM 000002
USBCtrlTrfRxService@byteToRead             cstackCOMRAM 000002
USBCtrlTrfRxService@i                      cstackCOMRAM 000001
USBCtrlTrfTxService@byteToSend             cstackCOMRAM 000001
USBDeviceInit@i                            cstackBANK0  0000EB
USBDeviceTasks@i                           cstackCOMRAM 00001E
USBEnableEndpoint@ep                       cstackCOMRAM 00000C
USBEnableEndpoint@options                  cstackCOMRAM 000009
USBEnableEndpoint@p                        cstackCOMRAM 00000A
USBStdFeatureReqHandler@current_ep_data    cstackCOMRAM 000018
USBStdFeatureReqHandler@p                  cstackCOMRAM 000019
USBStdFeatureReqHandler@pUEP               cstackCOMRAM 000016
USBStdGetStatusHandler@p                   cstackCOMRAM 000002
USBStdSetCfgHandler@i                      cstackCOMRAM 000015
USBTransferOnePacket@data                  cstackBANK0  0000E4
USBTransferOnePacket@dir                   cstackBANK0  0000E3
USBTransferOnePacket@ep                    cstackBANK0  0000E7
USBTransferOnePacket@handle                cstackBANK0  0000E8
USBTransferOnePacket@len                   cstackBANK0  0000E6
USER_USB_CALLBACK_EVENT_HANDLER@event      cstackCOMRAM 00000D
USER_USB_CALLBACK_EVENT_HANDLER@pdata      cstackCOMRAM 00000F
USER_USB_CALLBACK_EVENT_HANDLER@size       cstackCOMRAM 000011
_ADCON1                                    (abs)        000FC1
_APP_DeviceCDCBasicDemoInitialize          text54       0034C4
_APP_DeviceCDCBasicDemoTasks               text30       001C6A
_APP_LEDUpdateUSBStatus                    text53       00314E
_BDT                                       (abs)        000400
_BaudRateGen                               bssCOMRAM    000031
_BothEP0OutUOWNsSet                        bssCOMRAM    000044
_CDCDataInHandle                           bssBANK0     0000DA
_CDCDataOutHandle                          bssBANK0     0000DC
_CDCInitEP                                 text55       0031B2
_CDCTxService                              text33       001008
_CDCTxService$2666                         cstackBANK0  0000EB
_CtrlTrfData                               (abs)        000438
_INTCONbits                                (abs)        000FF2
_IPR2bits                                  (abs)        000FA2
_LATAbits                                  (abs)        000F89
_LATBbits                                  (abs)        000F8A
_LATCbits                                  (abs)        000F8B
_LATDbits                                  (abs)        000F8C
_LATEbits                                  (abs)        000F8D
_PIE2bits                                  (abs)        000FA0
_PIR2bits                                  (abs)        000FA1
_RCONbits                                  (abs)        000FD0
_RemoteWakeup                              bssCOMRAM    000047
_SYSTEM_Initialize                         text29       00352E
_SYS_InterruptHigh                         intcode      000008
_SetupPkt                                  (abs)        000430
_T0CON                                     (abs)        000FD5
_T0CONbits                                 (abs)        000FD5
_TMR0                                      (abs)        000FD6
_TRISA                                     (abs)        000F92
_TRISBbits                                 (abs)        000F93
_TRISCbits                                 (abs)        000F94
_TRISDbits                                 (abs)        000F95
_TRISEbits                                 (abs)        000F96
_UADDR                                     (abs)        000F6E
_UCFG                                      (abs)        000F6F
_UCON                                      (abs)        000F6D
_UCONbits                                  (abs)        000F6D
_UEIE                                      (abs)        000F6B
_UEIR                                      (abs)        000F6A
_UEP0                                      (abs)        000F70
_UEP0bits                                  (abs)        000F70
_UEP1                                      (abs)        000F71
_UIE                                       (abs)        000F69
_UIEbits                                   (abs)        000F69
_UIR                                       (abs)        000F68
_UIRbits                                   (abs)        000F68
_USBActiveConfiguration                    bssCOMRAM    00005D
_USBAlternateInterface                     bssCOMRAM    00005A
_USBBusIsSuspended                         bssCOMRAM    000046
_USBCheckCDCRequest                        text52       002646
_USBCheckStdRequest                        text45       001E5C
_USBConfigureEndpoint                      text58       002A28
_USBCtrlEPAllowDataStage                   text44       0028F0
_USBCtrlEPAllowStatusStage                 text61       002298
_USBCtrlEPService                          text41       0020FE
_USBCtrlEPServiceComplete                  text43       001D6A
_USBCtrlTrfInHandler                       text62       0024D4
_USBCtrlTrfOutHandler                      text59       003216
_USBCtrlTrfRxService                       text60       001A56
_USBCtrlTrfSetupHandler                    text42       002BCC
_USBCtrlTrfTxService                       text63       0021CC
_USBDeferINDataStagePackets                bssCOMRAM    00003F
_USBDeferOUTDataStagePackets               bssCOMRAM    00003E
_USBDeferStatusStagePacket                 bssCOMRAM    000042
_USBDeviceAttach                           text28       0033B4
_USBDeviceInit                             text26       00139E
_USBDeviceState                            bssBANK0     0000E1
_USBDeviceTasks                            text36       00113E
_USBEnableEndpoint                         text57       00330A
_USBStallHandler                           text40       0032C8
_USBStatusStageEnabledFlag1                bssCOMRAM    000041
_USBStatusStageEnabledFlag2                bssCOMRAM    000040
_USBStatusStageTimeoutCounter              bssCOMRAM    000043
_USBStdFeatureReqHandler                   text50       000C6E
_USBStdGetDscHandler                       text49       001270
_USBStdGetStatusHandler                    text48       0027A4
_USBStdSetCfgHandler                       text46       001F3E
_USBSuspend                                text39       00349C
_USBTransferOnePacket                      text34       00235C
_USBWakeFromSuspend                        text38       003418
_USB_CD_Ptr                                smallconst   000807
_USB_SD_Ptr                                smallconst   000801
_USER_USB_CALLBACK_EVENT_HANDLER           text51       002F34
_USTAT                                     (abs)        000F6C
_USTATcopy                                 bssCOMRAM    00005C
__CFG_BOR$ON                               (abs)        000000
__CFG_BORV$3                               (abs)        000000
__CFG_CP0$OFF                              (abs)        000000
__CFG_CP1$OFF                              (abs)        000000
__CFG_CPB$OFF                              (abs)        000000
__CFG_CPUDIV$OSC1_PLL2                     (abs)        000000
__CFG_EBTR0$OFF                            (abs)        000000
__CFG_EBTR1$OFF                            (abs)        000000
__CFG_EBTRB$OFF                            (abs)        000000
__CFG_FCMEN$OFF                            (abs)        000000
__CFG_FOSC$HSPLL_HS                        (abs)        000000
__CFG_IESO$OFF                             (abs)        000000
__CFG_LPT1OSC$OFF                          (abs)        000000
__CFG_LVP$OFF                              (abs)        000000
__CFG_MCLRE$ON                             (abs)        000000
__CFG_PBADEN$OFF                           (abs)        000000
__CFG_PLLDIV$5                             (abs)        000000
__CFG_PWRT$OFF                             (abs)        000000
__CFG_STVREN$ON                            (abs)        000000
__CFG_USBDIV$2                             (abs)        000000
__CFG_VREGEN$ON                            (abs)        000000
__CFG_WDT$ON                               (abs)        000000
__CFG_WDTPS$64                             (abs)        000000
__CFG_WRT0$OFF                             (abs)        000000
__CFG_WRT1$OFF                             (abs)        000000
__CFG_WRTB$OFF                             (abs)        000000
__CFG_WRTC$OFF                             (abs)        000000
__CFG_XINST$OFF                            (abs)        000000
__HRAM                                     (abs)        000000
__Habs1                                    abs1         000000
__Hbank0                                   bank0        000000
__Hbank1                                   bank1        000000
__Hbank2                                   bank2        000000
__Hbank3                                   bank3        000000
__Hbank4                                   bank4        000000
__Hbank5                                   bank5        000000
__Hbank6                                   bank6        000000
__Hbank7                                   bank7        000000
__Hbigbss                                  bigbss       000000
__Hbigdata                                 bigdata      000000
__Hbigram                                  bigram       000000
__Hbss                                     bss          000000
__HbssBANK0                                bssBANK0     000000
__HbssBANK1                                bssBANK1     000000
__HbssBANK2                                bssBANK2     000000
__HbssBIGRAMl                              bssBIGRAMl   000000
__HbssCOMRAM                               bssCOMRAM    000000
__Hcinit                                   cinit        000000
__Hclrtext                                 clrtext      000000
__Hcomram                                  comram       000000
__Hconfig                                  config       30000E
__Hconst                                   const        000000
__HcstackBANK0                             cstackBANK0  000000
__HcstackCOMRAM                            cstackCOMRAM 000000
__Hdata                                    data         000000
__HdataBANK1                               dataBANK1    000000
__Heeprom_data                             eeprom_data  000000
__Hfarbss                                  farbss       000000
__Hfardata                                 fardata      000000
__Hibigdata                                ibigdata     000000
__Hidata                                   idata        000000
__HidataBANK1                              idataBANK1   000000
__Hidloc                                   idloc        200008
__Hifardata                                ifardata     000000
__Hinit                                    init         000012
__Hintcode                                 intcode      00000E
__Hintcode_body                            intcode_body 000000
__Hintcodelo                               intcodelo    00000E
__Hintentry                                intentry     000000
__Hintret                                  intret       000000
__Hintsave_regs                            intsave_regs 000000
__Hirdata                                  irdata       000000
__Hmediumconst                             mediumconst  000000
__HnvFARRAM                                nvFARRAM     000000
__Hnvbit                                   nvbit        000000
__Hnvrram                                  nvrram       000000
__Hparam                                   rparam       000000
__Hpowerup                                 powerup      00000E
__Hram                                     ram          000000
__Hramtop                                  ramtop       000800
__Hrbit                                    rbit         000000
__Hrbss                                    rbss         000000
__Hrdata                                   rdata        000000
__Hreset_vec                               reset_vec    000004
__Hrparam                                  rparam       000000
__Hsfr                                     sfr          000000
__Hsmallconst                              smallconst   0008CC
__Hspace_0                                 (abs)        30000E
__Hspace_1                                 (abs)        000745
__Hspace_2                                 (abs)        000000
__Hstack                                   stack        000000
__Hstruct                                  struct       000000
__Htemp                                    temp         00005F
__Htext                                    text         000000
__Htext0                                   text0        000000
__Htext1                                   text1        000000
__Htext10                                  text10       000000
__Htext11                                  text11       000000
__Htext12                                  text12       000000
__Htext13                                  text13       000000
__Htext14                                  text14       000000
__Htext15                                  text15       000000
__Htext16                                  text16       000000
__Htext17                                  text17       000000
__Htext18                                  text18       000000
__Htext19                                  text19       000000
__Htext2                                   text2        000000
__Htext20                                  text20       000000
__Htext21                                  text21       000000
__Htext22                                  text22       000000
__Htext23                                  text23       000000
__Htext24                                  text24       000000
__Htext25                                  text25       000000
__Htext26                                  text26       000000
__Htext27                                  text27       000000
__Htext28                                  text28       000000
__Htext29                                  text29       000000
__Htext3                                   text3        000000
__Htext30                                  text30       000000
__Htext31                                  text31       000000
__Htext32                                  text32       000000
__Htext33                                  text33       000000
__Htext34                                  text34       000000
__Htext36                                  text36       000000
__Htext37                                  text37       000000
__Htext38                                  text38       000000
__Htext39                                  text39       000000
__Htext4                                   text4        000000
__Htext40                                  text40       000000
__Htext41                                  text41       000000
__Htext42                                  text42       000000
__Htext43                                  text43       000000
__Htext44                                  text44       000000
__Htext45                                  text45       000000
__Htext46                                  text46       000000
__Htext47                                  text47       000000
__Htext48                                  text48       000000
__Htext49                                  text49       000000
__Htext5                                   text5        000000
__Htext50                                  text50       000000
__Htext51                                  text51       000000
__Htext52                                  text52       000000
__Htext53                                  text53       000000
__Htext54                                  text54       000000
__Htext55                                  text55       000000
__Htext56                                  text56       000000
__Htext57                                  text57       000000
__Htext58                                  text58       000000
__Htext59                                  text59       000000
__Htext6                                   text6        000000
__Htext60                                  text60       000000
__Htext61                                  text61       000000
__Htext62                                  text62       000000
__Htext63                                  text63       000000
__Htext7                                   text7        000000
__Htext8                                   text8        000000
__Htext9                                   text9        000000
__LRAM                                     (abs)        000001
__Labs1                                    abs1         000000
__Lbank0                                   bank0        000000
__Lbank1                                   bank1        000000
__Lbank2                                   bank2        000000
__Lbank3                                   bank3        000000
__Lbank4                                   bank4        000000
__Lbank5                                   bank5        000000
__Lbank6                                   bank6        000000
__Lbank7                                   bank7        000000
__Lbigbss                                  bigbss       000000
__Lbigdata                                 bigdata      000000
__Lbigram                                  bigram       000000
__Lbss                                     bss          000000
__LbssBANK0                                bssBANK0     000000
__LbssBANK1                                bssBANK1     000000
__LbssBANK2                                bssBANK2     000000
__LbssBIGRAMl                              bssBIGRAMl   000000
__LbssCOMRAM                               bssCOMRAM    000000
__Lcinit                                   cinit        000000
__Lclrtext                                 clrtext      000000
__Lcomram                                  comram       000000
__Lconfig                                  config       300000
__Lconst                                   const        000000
__LcstackBANK0                             cstackBANK0  000000
__LcstackCOMRAM                            cstackCOMRAM 000000
__Ldata                                    data         000000
__LdataBANK1                               dataBANK1    000000
__Leeprom_data                             eeprom_data  000000
__Lfarbss                                  farbss       000000
__Lfardata                                 fardata      000000
__Libigdata                                ibigdata     000000
__Lidata                                   idata        000000
__LidataBANK1                              idataBANK1   000000
__Lidloc                                   idloc        200000
__Lifardata                                ifardata     000000
__Linit                                    init         00000E
__Lintcode                                 intcode      000008
__Lintcode_body                            intcode_body 000000
__Lintcodelo                               intcodelo    00000E
__Lintentry                                intentry     000000
__Lintret                                  intret       000000
__Lintsave_regs                            intsave_regs 000000
__Lirdata                                  irdata       000000
__Lmediumconst                             mediumconst  000000
__LnvFARRAM                                nvFARRAM     000000
__Lnvbit                                   nvbit        000000
__Lnvrram                                  nvrram       000000
__Lparam                                   rparam       000000
__Lpowerup                                 powerup      00000E
__Lram                                     ram          000000
__Lramtop                                  ramtop       000800
__Lrbit                                    rbit         000000
__Lrbss                                    rbss         000000
__Lrdata                                   rdata        000000
__Lreset_vec                               reset_vec    000000
__Lrparam                                  rparam       000000
__Lsfr                                     sfr          000000
__Lsmallconst                              smallconst   000800
__Lspace_0                                 (abs)        000000
__Lspace_1                                 (abs)        000000
__Lspace_2                                 (abs)        000000
__Lstack                                   stack        000000
__Lstruct                                  struct       000000
__Ltemp                                    temp         00005E
__Ltext                                    text         000000
__Ltext0                                   text0        000000
__Ltext1                                   text1        000000
__Ltext10                                  text10       000000
__Ltext11                                  text11       000000
__Ltext12                                  text12       000000
__Ltext13                                  text13       000000
__Ltext14                                  text14       000000
__Ltext15                                  text15       000000
__Ltext16                                  text16       000000
__Ltext17                                  text17       000000
__Ltext18                                  text18       000000
__Ltext19                                  text19       000000
__Ltext2                                   text2        000000
__Ltext20                                  text20       000000
__Ltext21                                  text21       000000
__Ltext22                                  text22       000000
__Ltext23                                  text23       000000
__Ltext24                                  text24       000000
__Ltext25                                  text25       000000
__Ltext26                                  text26       000000
__Ltext27                                  text27       000000
__Ltext28                                  text28       000000
__Ltext29                                  text29       000000
__Ltext3                                   text3        000000
__Ltext30                                  text30       000000
__Ltext31                                  text31       000000
__Ltext32                                  text32       000000
__Ltext33                                  text33       000000
__Ltext34                                  text34       000000
__Ltext36                                  text36       000000
__Ltext37                                  text37       000000
__Ltext38                                  text38       000000
__Ltext39                                  text39       000000
__Ltext4                                   text4        000000
__Ltext40                                  text40       000000
__Ltext41                                  text41       000000
__Ltext42                                  text42       000000
__Ltext43                                  text43       000000
__Ltext44                                  text44       000000
__Ltext45                                  text45       000000
__Ltext46                                  text46       000000
__Ltext47                                  text47       000000
__Ltext48                                  text48       000000
__Ltext49                                  text49       000000
__Ltext5                                   text5        000000
__Ltext50                                  text50       000000
__Ltext51                                  text51       000000
__Ltext52                                  text52       000000
__Ltext53                                  text53       000000
__Ltext54                                  text54       000000
__Ltext55                                  text55       000000
__Ltext56                                  text56       000000
__Ltext57                                  text57       000000
__Ltext58                                  text58       000000
__Ltext59                                  text59       000000
__Ltext6                                   text6        000000
__Ltext60                                  text60       000000
__Ltext61                                  text61       000000
__Ltext62                                  text62       000000
__Ltext63                                  text63       000000
__Ltext7                                   text7        000000
__Ltext8                                   text8        000000
__Ltext9                                   text9        000000
__S0                                       (abs)        30000E
__S1                                       (abs)        000745
__S2                                       (abs)        000000
___inthi_sp                                stack        000000
___intlo_sp                                stack        000000
___lldiv                                   text9        002B48
___lldiv@counter                           cstackBANK0  0000EF
___lldiv@dividend                          cstackBANK0  0000E3
___lldiv@divisor                           cstackBANK0  0000E7
___lldiv@quotient                          cstackBANK0  0000EB
___param_bank                              (abs)        000000
___rparam_used                             (abs)        000001
___sp                                      stack        000000
__accesstop                                (abs)        000060
__activetblptr                             (abs)        000002
__end_of_APP_DeviceCDCBasicDemoInitialize  text54       0034EA
__end_of_APP_DeviceCDCBasicDemoTasks       text30       001D6A
__end_of_APP_LEDUpdateUSBStatus            text53       0031B2
__end_of_CDCInitEP                         text55       003216
__end_of_CDCTxService                      text33       00113E
__end_of_SYSTEM_Initialize                 text29       00354C
__end_of_SYS_InterruptHigh                 intcode_body 002A28
__end_of_USBCheckCDCRequest                text52       0026F6
__end_of_USBCheckStdRequest                text45       001F3E
__end_of_USBConfigureEndpoint              text58       002ABC
__end_of_USBCtrlEPAllowDataStage           text44       00298E
__end_of_USBCtrlEPAllowStatusStage         text61       00235C
__end_of_USBCtrlEPService                  text41       0021CC
__end_of_USBCtrlEPServiceComplete          text43       001E5C
__end_of_USBCtrlTrfInHandler               text62       00258E
__end_of_USBCtrlTrfOutHandler              text59       003272
__end_of_USBCtrlTrfRxService               text60       001B64
__end_of_USBCtrlTrfSetupHandler            text42       002C50
__end_of_USBCtrlTrfTxService               text63       002298
__end_of_USBDeviceAttach                   text28       0033E8
__end_of_USBDeviceInit                     text26       0014CA
__end_of_USBDeviceTasks                    text36       001270
__end_of_USBEnableEndpoint                 text57       003346
__end_of_USBStallHandler                   text40       00330A
__end_of_USBStdFeatureReqHandler           text50       000ED2
__end_of_USBStdGetDscHandler               text49       00139E
__end_of_USBStdGetStatusHandler            text48       00284C
__end_of_USBStdSetCfgHandler               text46       002020
__end_of_USBSuspend                        text39       0034C4
__end_of_USBTransferOnePacket              text34       00241A
__end_of_USBWakeFromSuspend                text38       003446
__end_of_USB_CD_Ptr                        smallconst   000809
__end_of_USB_SD_Ptr                        smallconst   000807
__end_of_USER_USB_CALLBACK_EVENT_HANDLER   text51       002FA6
__end_of___lldiv                           text9        002BCC
__end_of__initialization                   cinit        002F26
__end_of_configDescriptor1                 smallconst   00084C
__end_of_device_dsc                        smallconst   0008C6
__end_of_getsUSBUSART                      text32       002646
__end_of_init_pulse_gen                    text22       00355A
__end_of_init_pulse_gen_com_variables      text25       001C6A
__end_of_init_pulse_gen_ports              text24       0032C8
__end_of_init_pulse_gen_timer              text23       00350C
__end_of_initiate_com_data_transmission    text10       0028F0
__end_of_initiate_pulse_generation         text4        000C6E
__end_of_initiate_pulse_generation_1       text8        001A56
__end_of_initiate_pulse_generation_2       text7        00193E
__end_of_initiate_pulse_generation_3       text6        001826
__end_of_initiate_pulse_generation_4       text5        00170E
__end_of_main                              text0        00349C
__end_of_memset                            text27       003418
__end_of_mii_get_data_offset_index         text12       003380
__end_of_mii_validate_received_data        text11       0020FE
__end_of_phy_generate_pulse1               text21       00314E
__end_of_phy_generate_pulse2               text19       0030E4
__end_of_phy_generate_pulse3               text17       00307A
__end_of_phy_generate_pulse4               text15       003010
__end_of_process_com_request               text3        002B48
__end_of_pulse_gen                         text13       001008
__end_of_pulse_gen_com_task                text2        0033B4
__end_of_pulse_gen_set1                    text20       002E48
__end_of_pulse_gen_set2                    text18       002DCA
__end_of_pulse_gen_set3                    text16       002D4C
__end_of_pulse_gen_set4                    text14       002CCE
__end_of_pulse_gen_tasks                   text1        002EC2
__end_of_putUSBUSART                       text31       00352E
__end_of_sd000                             smallconst   0008CA
__end_of_sd001                             smallconst   0008B4
__end_of_sd002                             smallconst   000880
__end_ofi2_USBDeviceInit                   text37       0015F6
__end_ofi2_USBTransferOnePacket            text56       0024D4
__end_ofi2_memset                          text47       003472
__initialization                           cinit        002EC2
__mediumconst                              mediumconst  000000
__pbssBANK0                                bssBANK0     000060
__pbssBANK1                                bssBANK1     0001AE
__pbssBANK2                                bssBANK2     000200
__pbssBIGRAMl                              bssBIGRAMl   000580
__pbssCOMRAM                               bssCOMRAM    000031
__pcinit                                   cinit        002EC2
__pcstackBANK0                             cstackBANK0  0000E3
__pcstackCOMRAM                            cstackCOMRAM 000001
__pdataBANK1                               dataBANK1    000100
__pidataBANK1                              idataBANK1   0026F6
__pintcode                                 intcode      000008
__pintcode_body                            intcode_body 00298E
__psmallconst                              smallconst   000800
__ptext0                                   text0        003472
__ptext1                                   text1        002E48
__ptext10                                  text10       00284C
__ptext11                                  text11       002020
__ptext12                                  text12       003346
__ptext13                                  text13       000ED2
__ptext14                                  text14       002C50
__ptext15                                  text15       002FA6
__ptext16                                  text16       002CCE
__ptext17                                  text17       003010
__ptext18                                  text18       002D4C
__ptext19                                  text19       00307A
__ptext2                                   text2        003380
__ptext20                                  text20       002DCA
__ptext21                                  text21       0030E4
__ptext22                                  text22       00354C
__ptext23                                  text23       0034EA
__ptext24                                  text24       003272
__ptext25                                  text25       001B64
__ptext26                                  text26       00139E
__ptext27                                  text27       0033E8
__ptext28                                  text28       0033B4
__ptext29                                  text29       00352E
__ptext3                                   text3        002ABC
__ptext30                                  text30       001C6A
__ptext31                                  text31       00350C
__ptext32                                  text32       00258E
__ptext33                                  text33       001008
__ptext34                                  text34       00235C
__ptext36                                  text36       00113E
__ptext37                                  text37       0014CA
__ptext38                                  text38       003418
__ptext39                                  text39       00349C
__ptext4                                   text4        0008CC
__ptext40                                  text40       0032C8
__ptext41                                  text41       0020FE
__ptext42                                  text42       002BCC
__ptext43                                  text43       001D6A
__ptext44                                  text44       0028F0
__ptext45                                  text45       001E5C
__ptext46                                  text46       001F3E
__ptext47                                  text47       003446
__ptext48                                  text48       0027A4
__ptext49                                  text49       001270
__ptext5                                   text5        0015F6
__ptext50                                  text50       000C6E
__ptext51                                  text51       002F34
__ptext52                                  text52       002646
__ptext53                                  text53       00314E
__ptext54                                  text54       0034C4
__ptext55                                  text55       0031B2
__ptext56                                  text56       00241A
__ptext57                                  text57       00330A
__ptext58                                  text58       002A28
__ptext59                                  text59       003216
__ptext6                                   text6        00170E
__ptext60                                  text60       001A56
__ptext61                                  text61       002298
__ptext62                                  text62       0024D4
__ptext63                                  text63       0021CC
__ptext7                                   text7        001826
__ptext8                                   text8        00193E
__ptext9                                   text9        002B48
__ramtop                                   ramtop       000800
__size_of_APP_DeviceCDCBasicDemoInitialize (abs)        000000
__size_of_APP_DeviceCDCBasicDemoTasks      (abs)        000000
__size_of_APP_LEDUpdateUSBStatus           (abs)        000000
__size_of_CDCInitEP                        (abs)        000000
__size_of_CDCTxService                     (abs)        000000
__size_of_SYSTEM_Initialize                (abs)        000000
__size_of_SYS_InterruptHigh                (abs)        000000
__size_of_USBCheckCDCRequest               (abs)        000000
__size_of_USBCheckStdRequest               (abs)        000000
__size_of_USBConfigureEndpoint             (abs)        000000
__size_of_USBCtrlEPAllowDataStage          (abs)        000000
__size_of_USBCtrlEPAllowStatusStage        (abs)        000000
__size_of_USBCtrlEPService                 (abs)        000000
__size_of_USBCtrlEPServiceComplete         (abs)        000000
__size_of_USBCtrlTrfInHandler              (abs)        000000
__size_of_USBCtrlTrfOutHandler             (abs)        000000
__size_of_USBCtrlTrfRxService              (abs)        000000
__size_of_USBCtrlTrfSetupHandler           (abs)        000000
__size_of_USBCtrlTrfTxService              (abs)        000000
__size_of_USBDeviceAttach                  (abs)        000000
__size_of_USBDeviceInit                    (abs)        000000
__size_of_USBDeviceTasks                   (abs)        000000
__size_of_USBEnableEndpoint                (abs)        000000
__size_of_USBStallHandler                  (abs)        000000
__size_of_USBStdFeatureReqHandler          (abs)        000000
__size_of_USBStdGetDscHandler              (abs)        000000
__size_of_USBStdGetStatusHandler           (abs)        000000
__size_of_USBStdSetCfgHandler              (abs)        000000
__size_of_USBSuspend                       (abs)        000000
__size_of_USBTransferOnePacket             (abs)        000000
__size_of_USBWakeFromSuspend               (abs)        000000
__size_of_USER_USB_CALLBACK_EVENT_HANDLER  (abs)        000000
__size_of___lldiv                          (abs)        000000
__size_of_getsUSBUSART                     (abs)        000000
__size_of_init_pulse_gen                   (abs)        000000
__size_of_init_pulse_gen_com_variables     (abs)        000000
__size_of_init_pulse_gen_ports             (abs)        000000
__size_of_init_pulse_gen_timer             (abs)        000000
__size_of_initiate_com_data_transmission   (abs)        000000
__size_of_initiate_pulse_generation        (abs)        000000
__size_of_initiate_pulse_generation_1      (abs)        000000
__size_of_initiate_pulse_generation_2      (abs)        000000
__size_of_initiate_pulse_generation_3      (abs)        000000
__size_of_initiate_pulse_generation_4      (abs)        000000
__size_of_main                             (abs)        000000
__size_of_memset                           (abs)        000000
__size_of_mii_get_data_offset_index        (abs)        000000
__size_of_mii_validate_received_data       (abs)        000000
__size_of_phy_generate_pulse1              (abs)        000000
__size_of_phy_generate_pulse2              (abs)        000000
__size_of_phy_generate_pulse3              (abs)        000000
__size_of_phy_generate_pulse4              (abs)        000000
__size_of_process_com_request              (abs)        000000
__size_of_pulse_gen                        (abs)        000000
__size_of_pulse_gen_com_task               (abs)        000000
__size_of_pulse_gen_set1                   (abs)        000000
__size_of_pulse_gen_set2                   (abs)        000000
__size_of_pulse_gen_set3                   (abs)        000000
__size_of_pulse_gen_set4                   (abs)        000000
__size_of_pulse_gen_tasks                  (abs)        000000
__size_of_putUSBUSART                      (abs)        000000
__size_ofi2_USBDeviceInit                  (abs)        000000
__size_ofi2_USBTransferOnePacket           (abs)        000000
__size_ofi2_memset                         (abs)        000000
__smallconst                               smallconst   000800
_buttonPressed                             bssCOMRAM    00004A
_cdc_data_rx                               (abs)        000540
_cdc_data_tx                               (abs)        000500
_cdc_mem_type                              bssBANK0     0000DE
_cdc_notice                                bssBANK0     0000A4
_cdc_rx_len                                bssBANK0     0000E0
_cdc_trf_state                             bssBANK0     0000E2
_cdc_tx_len                                bssBANK0     0000DF
_com_data                                  bssBIGRAMl   000580
_com_timers                                bssBANK0     0000B6
_configDescriptor1                         smallconst   000809
_controlTransferState                      bssCOMRAM    000048
_control_signal_bitmap                     bssCOMRAM    00003D
_device_dsc                                smallconst   0008B4
_dummy_encapsulated_cmd_response           bssCOMRAM    00004B
_endpoint_number                           bssCOMRAM    000045
_ep_data_in                                bssBANK0     0000D7
_ep_data_out                               bssBANK0     0000D4
_getsUSBUSART                              text32       00258E
_getsUSBUSART$2618                         cstackBANK0  0000EE
_inPipes                                   bssBANK0     0000BC
_init_pulse_gen                            text22       00354C
_init_pulse_gen_com_variables              text25       001B64
_init_pulse_gen_ports                      text24       003272
_init_pulse_gen_timer                      text23       0034EA
_initiate_com_data_transmission            text10       00284C
_initiate_pulse_generation                 text4        0008CC
_initiate_pulse_generation_1               text8        00193E
_initiate_pulse_generation_2               text7        001826
_initiate_pulse_generation_3               text6        00170E
_initiate_pulse_generation_4               text5        0015F6
_line_coding                               bssCOMRAM    000053
_main                                      text0        003472
_memset                                    text27       0033E8
_mii_get_data_offset_index                 text12       003346
_mii_validate_received_data                text11       002020
_outPipes                                  bssBANK0     0000AE
_pBDTEntryEP0OutCurrent                    bssCOMRAM    000039
_pBDTEntryEP0OutNext                       bssCOMRAM    000037
_pBDTEntryIn                               bssBANK0     0000C2
_pBDTEntryOut                              bssBANK0     0000C8
_pCDCDst                                   bssBANK0     0000CE
_pCDCSrc                                   bssBANK0     0000D1
_pDst                                      bssCOMRAM    000035
_phy_generate_pulse1                       text21       0030E4
_phy_generate_pulse2                       text19       00307A
_phy_generate_pulse3                       text17       003010
_phy_generate_pulse4                       text15       002FA6
_process_com_request                       text3        002ABC
_pulse_gen                                 text13       000ED2
_pulse_gen_com_task                        text2        003380
_pulse_gen_set1                            text20       002DCA
_pulse_gen_set2                            text18       002D4C
_pulse_gen_set3                            text16       002CCE
_pulse_gen_set4                            text14       002C50
_pulse_gen_tasks                           text1        002E48
_pulse_generator_1                         bssBANK0     000093
_pulse_generator_2                         bssBANK0     000082
_pulse_generator_3                         bssBANK0     000071
_pulse_generator_4                         bssBANK0     000060
_putUSBUSART                               text31       00350C
_readBuffer                                bssBANK1     0001AE
_sd000                                     smallconst   0008C6
_sd001                                     smallconst   000880
_sd002                                     smallconst   00084C
_shortPacketStatus                         bssCOMRAM    000049
_wheel_Timings                             dataBANK1    000100
_writeBuffer                               bssBANK2     000200
btemp                                      temp         00005E
end_of_initialization                      cinit        002F26
getsUSBUSART@buffer                        cstackBANK0  0000EA
getsUSBUSART@len                           cstackBANK0  0000EC
i2USBDeviceInit@i                          cstackCOMRAM 000009
i2USBTransferOnePacket@data                cstackCOMRAM 000002
i2USBTransferOnePacket@dir                 cstackCOMRAM 000001
i2USBTransferOnePacket@ep                  cstackCOMRAM 000005
i2USBTransferOnePacket@handle              cstackCOMRAM 000006
i2USBTransferOnePacket@len                 cstackCOMRAM 000004
i2_USBDeviceInit                           text37       0014CA
i2_USBTransferOnePacket                    text56       00241A
i2_memset                                  text47       003446
i2memset@c                                 cstackCOMRAM 000003
i2memset@n                                 cstackCOMRAM 000005
i2memset@p                                 cstackCOMRAM 000007
i2memset@p1                                cstackCOMRAM 000001
init_pulse_gen_com_variables@i             cstackBANK0  0000E3
initiate_com_data_transmission@bit_arb     cstackBANK0  0000E3
initiate_com_data_transmission@i           cstackBANK0  0000E4
initiate_pulse_generation@long_byte_data   cstackBANK0  0000F8
int$flags                                  temp         00005E
int_func                                   intcode_body 00298E
intlevel0                                  text         000000
intlevel1                                  text         000000
intlevel2                                  text         000000
intlevel3                                  text         000000
memset@c                                   cstackBANK0  0000E5
memset@n                                   cstackBANK0  0000E7
memset@p                                   cstackBANK0  0000E9
memset@p1                                  cstackBANK0  0000E3
mii_get_data_offset_index@Position         cstackBANK0  0000E5
mii_get_data_offset_index@ReadPointer      cstackBANK0  0000E3
mii_get_data_offset_index@ReturnValue      cstackBANK0  0000E7
mii_get_data_offset_index@TempPosition     cstackBANK0  0000E9
mii_validate_received_data@i               cstackBANK0  0000F0
mii_validate_received_data@j               cstackBANK0  0000EE
mii_validate_received_data@temp            cstackBANK0  0000EC
putUSBUSART@data                           cstackBANK0  0000E3
putUSBUSART@length                         cstackBANK0  0000E5
stackhi                                    (abs)        0003FF
stacklo                                    (abs)        000240
start                                      init         00000E
start_initialization                       cinit        002EC2
wtemp6                                     temp         00005F


FUNCTION INFORMATION:

 *************** function _main *****************
 Defined at:
		line 53 in file "../src/main.c"
 Parameters:    Size  Location     Type
		None
 Auto vars:     Size  Location     Type
		None
 Return value:  Size  Location     Type
                  1    wreg      void 
 Registers used:
		wreg, fsr1l, fsr1h, fsr2l, fsr2h, status,2, status,0, prodl, prodh, cstack
 Tracked objects:
		On entry : 
		On exit  : 
		Unchanged: 
 Data sizes:     COMRAM   BANK0   BANK1   BANK2   BANK3   BANK4   BANK5   BANK6   BANK7
      Params:         0       0       0       0       0       0       0       0       0
      Locals:         0       0       0       0       0       0       0       0       0
      Temps:          0       0       0       0       0       0       0       0       0
      Totals:         0       0       0       0       0       0       0       0       0
Total ram usage:        0 bytes
 Hardware stack levels required when called:   16
 This function calls:
		_APP_DeviceCDCBasicDemoTasks
		_SYSTEM_Initialize
		_USBDeviceAttach
		_USBDeviceInit
		_init_pulse_gen
		_pulse_gen_tasks
 This function is called by:
		Startup code after reset
 This function uses a non-reentrant model


 *************** function _pulse_gen_tasks *****************
 Defined at:
		line 24 in file "../src/pulse_gen_tasks.c"
 Parameters:    Size  Location     Type
		None
 Auto vars:     Size  Location     Type
		None
 Return value:  Size  Location     Type
                  1    wreg      void 
 Registers used:
		wreg, fsr1l, fsr1h, fsr2l, fsr2h, status,2, status,0, cstack
 Tracked objects:
		On entry : 
		On exit  : 
		Unchanged: 
 Data sizes:     COMRAM   BANK0   BANK1   BANK2   BANK3   BANK4   BANK5   BANK6   BANK7
      Params:         0       0       0       0       0       0       0       0       0
      Locals:         0       0       0       0       0       0       0       0       0
      Temps:          0       0       0       0       0       0       0       0       0
      Totals:         0       0       0       0       0       0       0       0       0
Total ram usage:        0 bytes
 Hardware stack levels used:    1
 Hardware stack levels required when called:   15
 This function calls:
		_pulse_gen
		_pulse_gen_com_task
 This function is called by:
		_main
 This function uses a non-reentrant model


 *************** function _pulse_gen_com_task *****************
 Defined at:
		line 18 in file "../src/pulse_gen_com_tasks.c"
 Parameters:    Size  Location     Type
		None
 Auto vars:     Size  Location     Type
		None
 Return value:  Size  Location     Type
                  1    wreg      void 
 Registers used:
		wreg, fsr1l, fsr1h, fsr2l, fsr2h, status,2, status,0, cstack
 Tracked objects:
		On entry : 
		On exit  : 
		Unchanged: 
 Data sizes:     COMRAM   BANK0   BANK1   BANK2   BANK3   BANK4   BANK5   BANK6   BANK7
      Params:         0       0       0       0       0       0       0       0       0
      Locals:         0       0       0       0       0       0       0       0       0
      Temps:          0       0       0       0       0       0       0       0       0
      Totals:         0       0       0       0       0       0       0       0       0
Total ram usage:        0 bytes
 Hardware stack levels used:    1
 Hardware stack levels required when called:   14
 This function calls:
		_mii_validate_received_data
		_process_com_request
 This function is called by:
		_pulse_gen_tasks
 This function uses a non-reentrant model


 *************** function _process_com_request *****************
 Defined at:
		line 77 in file "../src/pulse_gen_com_tasks.c"
 Parameters:    Size  Location     Type
		None
 Auto vars:     Size  Location     Type
		None
 Return value:  Size  Location     Type
                  1    wreg      void 
 Registers used:
		wreg, fsr1l, fsr1h, fsr2l, fsr2h, status,2, status,0, cstack
 Tracked objects:
		On entry : 
		On exit  : 
		Unchanged: 
 Data sizes:     COMRAM   BANK0   BANK1   BANK2   BANK3   BANK4   BANK5   BANK6   BANK7
      Params:         0       0       0       0       0       0       0       0       0
      Locals:         0       0       0       0       0       0       0       0       0
      Temps:          0       2       0       0       0       0       0       0       0
      Totals:         0       2       0       0       0       0       0       0       0
Total ram usage:        2 bytes
 Hardware stack levels used:    1
 Hardware stack levels required when called:   13
 This function calls:
		_initiate_com_data_transmission
		_initiate_pulse_generation
 This function is called by:
		_pulse_gen_com_task
 This function uses a non-reentrant model


 *************** function _initiate_pulse_generation *****************
 Defined at:
		line 110 in file "../src/pulse_gen_com_tasks.c"
 Parameters:    Size  Location     Type
		None
 Auto vars:     Size  Location     Type
  long_byte_da    4   21[BANK0 ] struct .
 Return value:  Size  Location     Type
                  1    wreg      void 
 Registers used:
		wreg, fsr2l, fsr2h, status,2, status,0, cstack
 Tracked objects:
		On entry : 
		On exit  : 
		Unchanged: 
 Data sizes:     COMRAM   BANK0   BANK1   BANK2   BANK3   BANK4   BANK5   BANK6   BANK7
      Params:         0       0       0       0       0       0       0       0       0
      Locals:         0       4       0       0       0       0       0       0       0
      Temps:          0       8       0       0       0       0       0       0       0
      Totals:         0      12       0       0       0       0       0       0       0
Total ram usage:       12 bytes
 Hardware stack levels used:    1
 Hardware stack levels required when called:   12
 This function calls:
		___lldiv
		_initiate_pulse_generation_1
		_initiate_pulse_generation_2
		_initiate_pulse_generation_3
		_initiate_pulse_generation_4
 This function is called by:
		_process_com_request
 This function uses a non-reentrant model


 *************** function _initiate_pulse_generation_4 *****************
 Defined at:
		line 326 in file "../src/pulse_gen_com_tasks.c"
 Parameters:    Size  Location     Type
		None
 Auto vars:     Size  Location     Type
		None
 Return value:  Size  Location     Type
                  1    wreg      void 
 Registers used:
		wreg, fsr2l, fsr2h, status,2, status,0
 Tracked objects:
		On entry : 
		On exit  : 
		Unchanged: 
 Data sizes:     COMRAM   BANK0   BANK1   BANK2   BANK3   BANK4   BANK5   BANK6   BANK7
      Params:         0       0       0       0       0       0       0       0       0
      Locals:         0       0       0       0       0       0       0       0       0
      Temps:          0       8       0       0       0       0       0       0       0
      Totals:         0       8       0       0       0       0       0       0       0
Total ram usage:        8 bytes
 Hardware stack levels used:    1
 Hardware stack levels required when called:   11
 This function calls:
		Nothing
 This function is called by:
		_initiate_pulse_generation
 This function uses a non-reentrant model


 *************** function _initiate_pulse_generation_3 *****************
 Defined at:
		line 311 in file "../src/pulse_gen_com_tasks.c"
 Parameters:    Size  Location     Type
		None
 Auto vars:     Size  Location     Type
		None
 Return value:  Size  Location     Type
                  1    wreg      void 
 Registers used:
		wreg, fsr2l, fsr2h, status,2, status,0
 Tracked objects:
		On entry : 
		On exit  : 
		Unchanged: 
 Data sizes:     COMRAM   BANK0   BANK1   BANK2   BANK3   BANK4   BANK5   BANK6   BANK7
      Params:         0       0       0       0       0       0       0       0       0
      Locals:         0       0       0       0       0       0       0       0       0
      Temps:          0       8       0       0       0       0       0       0       0
      Totals:         0       8       0       0       0       0       0       0       0
Total ram usage:        8 bytes
 Hardware stack levels used:    1
 Hardware stack levels required when called:   11
 This function calls:
		Nothing
 This function is called by:
		_initiate_pulse_generation
 This function uses a non-reentrant model


 *************** function _initiate_pulse_generation_2 *****************
 Defined at:
		line 297 in file "../src/pulse_gen_com_tasks.c"
 Parameters:    Size  Location     Type
		None
 Auto vars:     Size  Location     Type
		None
 Return value:  Size  Location     Type
                  1    wreg      void 
 Registers used:
		wreg, fsr2l, fsr2h, status,2, status,0
 Tracked objects:
		On entry : 
		On exit  : 
		Unchanged: 
 Data sizes:     COMRAM   BANK0   BANK1   BANK2   BANK3   BANK4   BANK5   BANK6   BANK7
      Params:         0       0       0       0       0       0       0       0       0
      Locals:         0       0       0       0       0       0       0       0       0
      Temps:          0       8       0       0       0       0       0       0       0
      Totals:         0       8       0       0       0       0       0       0       0
Total ram usage:        8 bytes
 Hardware stack levels used:    1
 Hardware stack levels required when called:   11
 This function calls:
		Nothing
 This function is called by:
		_initiate_pulse_generation
 This function uses a non-reentrant model


 *************** function _initiate_pulse_generation_1 *****************
 Defined at:
		line 282 in file "../src/pulse_gen_com_tasks.c"
 Parameters:    Size  Location     Type
		None
 Auto vars:     Size  Location     Type
		None
 Return value:  Size  Location     Type
                  1    wreg      void 
 Registers used:
		wreg, fsr2l, fsr2h, status,2, status,0
 Tracked objects:
		On entry : 
		On exit  : 
		Unchanged: 
 Data sizes:     COMRAM   BANK0   BANK1   BANK2   BANK3   BANK4   BANK5   BANK6   BANK7
      Params:         0       0       0       0       0       0       0       0       0
      Locals:         0       0       0       0       0       0       0       0       0
      Temps:          0       8       0       0       0       0       0       0       0
      Totals:         0       8       0       0       0       0       0       0       0
Total ram usage:        8 bytes
 Hardware stack levels used:    1
 Hardware stack levels required when called:   11
 This function calls:
		Nothing
 This function is called by:
		_initiate_pulse_generation
 This function uses a non-reentrant model


 *************** function ___lldiv *****************
 Defined at:
		line 8 in file "C:\Program Files (x86)\Microchip\xc8\v1.45\sources\common\lldiv.c"
 Parameters:    Size  Location     Type
  dividend        4    0[BANK0 ] unsigned long 
  divisor         4    4[BANK0 ] unsigned long 
 Auto vars:     Size  Location     Type
  quotient        4    8[BANK0 ] unsigned long 
  counter         1   12[BANK0 ] unsigned char 
 Return value:  Size  Location     Type
                  4    0[BANK0 ] unsigned long 
 Registers used:
		wreg, status,2, status,0
 Tracked objects:
		On entry : 
		On exit  : 
		Unchanged: 
 Data sizes:     COMRAM   BANK0   BANK1   BANK2   BANK3   BANK4   BANK5   BANK6   BANK7
      Params:         0       8       0       0       0       0       0       0       0
      Locals:         0       5       0       0       0       0       0       0       0
      Temps:          0       0       0       0       0       0       0       0       0
      Totals:         0      13       0       0       0       0       0       0       0
Total ram usage:       13 bytes
 Hardware stack levels used:    1
 Hardware stack levels required when called:   11
 This function calls:
		Nothing
 This function is called by:
		_initiate_pulse_generation
 This function uses a non-reentrant model


 *************** function _initiate_com_data_transmission *****************
 Defined at:
		line 343 in file "../src/pulse_gen_com_tasks.c"
 Parameters:    Size  Location     Type
		None
 Auto vars:     Size  Location     Type
  i               2    1[BANK0 ] unsigned int 
  bit_arb         1    0[BANK0 ] struct .
 Return value:  Size  Location     Type
                  1    wreg      void 
 Registers used:
		wreg, fsr1l, fsr1h, fsr2l, fsr2h, status,2, status,0
 Tracked objects:
		On entry : 
		On exit  : 
		Unchanged: 
 Data sizes:     COMRAM   BANK0   BANK1   BANK2   BANK3   BANK4   BANK5   BANK6   BANK7
      Params:         0       0       0       0       0       0       0       0       0
      Locals:         0       3       0       0       0       0       0       0       0
      Temps:          0       0       0       0       0       0       0       0       0
[...]
      Totals:         8       0       0       0       0       0       0       0       0
Total ram usage:        8 bytes
 Hardware stack levels used:    1
 Hardware stack levels required when called:    4
 This function calls:
		_APP_DeviceCDCBasicDemoInitialize
		_APP_LEDUpdateUSBStatus
		_USBCheckCDCRequest
 This function is called by:
		_USBDeviceTasks
		_USBStdSetCfgHandler
		_USBSuspend
		_USBWakeFromSuspend
		_USBCtrlTrfSetupHandler
		_USBCheckStdRequest
		_USBStdFeatureReqHandler
 This function uses a non-reentrant model


 *************** function _USBCheckCDCRequest *****************
 Defined at:
		line 204 in file "../src/framework/usb/src/usb_device_cdc.c"
 Parameters:    Size  Location     Type
		None
 Auto vars:     Size  Location     Type
		None
 Return value:  Size  Location     Type
                  1    wreg      void 
 Registers used:
		wreg, status,2, status,0
 Tracked objects:
		On entry : 
		On exit  : 
		Unchanged: 
 Data sizes:     COMRAM   BANK0   BANK1   BANK2   BANK3   BANK4   BANK5   BANK6   BANK7
      Params:         0       0       0       0       0       0       0       0       0
      Locals:         0       0       0       0       0       0       0       0       0
      Temps:          0       0       0       0       0       0       0       0       0
      Totals:         0       0       0       0       0       0       0       0       0
Total ram usage:        0 bytes
 Hardware stack levels used:    1
 This function calls:
		Nothing
 This function is called by:
		_USER_USB_CALLBACK_EVENT_HANDLER
 This function uses a non-reentrant model


 *************** function _APP_LEDUpdateUSBStatus *****************
 Defined at:
		line 75 in file "../src/app_led_usb_status.c"
 Parameters:    Size  Location     Type
		None
 Auto vars:     Size  Location     Type
		None
 Return value:  Size  Location     Type
                  1    wreg      void 
 Registers used:
		wreg, status,2, status,0
 Tracked objects:
		On entry : 
		On exit  : 
		Unchanged: 
 Data sizes:     COMRAM   BANK0   BANK1   BANK2   BANK3   BANK4   BANK5   BANK6   BANK7
      Params:         0       0       0       0       0       0       0       0       0
      Locals:         0       0       0       0       0       0       0       0       0
      Temps:          0       0       0       0       0       0       0       0       0
      Totals:         0       0       0       0       0       0       0       0       0
Total ram usage:        0 bytes
 Hardware stack levels used:    1
 This function calls:
		Nothing
 This function is called by:
		_USER_USB_CALLBACK_EVENT_HANDLER
 This function uses a non-reentrant model


 *************** function _APP_DeviceCDCBasicDemoInitialize *****************
 Defined at:
		line 60 in file "../src/app_device_cdc_basic.c"
 Parameters:    Size  Location     Type
		None
 Auto vars:     Size  Location     Type
		None
 Return value:  Size  Location     Type
                  1    wreg      void 
 Registers used:
		wreg, fsr2l, fsr2h, status,2, status,0, prodl, prodh, cstack
 Tracked objects:
		On entry : 
		On exit  : 
		Unchanged: 
 Data sizes:     COMRAM   BANK0   BANK1   BANK2   BANK3   BANK4   BANK5   BANK6   BANK7
      Params:         0       0       0       0       0       0       0       0       0
      Locals:         0       0       0       0       0       0       0       0       0
      Temps:          0       0       0       0       0       0       0       0       0
      Totals:         0       0       0       0       0       0       0       0       0
Total ram usage:        0 bytes
 Hardware stack levels used:    1
 Hardware stack levels required when called:    3
 This function calls:
		_CDCInitEP
 This function is called by:
		_USER_USB_CALLBACK_EVENT_HANDLER
 This function uses a non-reentrant model


 *************** function _CDCInitEP *****************
 Defined at:
		line 351 in file "../src/framework/usb/src/usb_device_cdc.c"
 Parameters:    Size  Location     Type
		None
 Auto vars:     Size  Location     Type
		None
 Return value:  Size  Location     Type
                  1    wreg      void 
 Registers used:
		wreg, fsr2l, fsr2h, status,2, status,0, prodl, prodh, cstack
 Tracked objects:
		On entry : 
		On exit  : 
		Unchanged: 
 Data sizes:     COMRAM   BANK0   BANK1   BANK2   BANK3   BANK4   BANK5   BANK6   BANK7
      Params:         0       0       0       0       0       0       0       0       0
      Locals:         0       0       0       0       0       0       0       0       0
      Temps:          0       0       0       0       0       0       0       0       0
      Totals:         0       0       0       0       0       0       0       0       0
Total ram usage:        0 bytes
 Hardware stack levels used:    1
 Hardware stack levels required when called:    2
 This function calls:
		_USBEnableEndpoint
		i2_USBTransferOnePacket
 This function is called by:
		_APP_DeviceCDCBasicDemoInitialize
 This function uses a non-reentrant model


 *************** function i2_USBTransferOnePacket *****************
 Defined at:
		line 989 in file "../src/framework/usb/src/usb_device.c"
 Parameters:    Size  Location     Type
  ep              1    wreg     unsigned char 
  dir             1    0[COMRAM] unsigned char 
  data            2    1[COMRAM] PTR unsigned char 
		 -> cdc_data_tx(64), cdc_data_rx(64), NULL(0), 
  len             1    3[COMRAM] unsigned char 
 Auto vars:     Size  Location     Type
  ep              1    4[COMRAM] unsigned char 
  USBTransferO    2    5[COMRAM] PTR volatile struct __BD
		 -> NULL(0), BDT(48), 
 Return value:  Size  Location     Type
                  2    0[COMRAM] PTR void 
 Registers used:
		wreg, fsr2l, fsr2h, status,2, status,0, prodl, prodh
 Tracked objects:
		On entry : 
		On exit  : 
		Unchanged: 
 Data sizes:     COMRAM   BANK0   BANK1   BANK2   BANK3   BANK4   BANK5   BANK6   BANK7
      Params:         4       0       0       0       0       0       0       0       0
      Locals:         3       0       0       0       0       0       0       0       0
      Temps:          0       0       0       0       0       0       0       0       0
      Totals:         7       0       0       0       0       0       0       0       0
Total ram usage:        7 bytes
 Hardware stack levels used:    1
 This function calls:
		Nothing
 This function is called by:
		_CDCInitEP
 This function uses a non-reentrant model


 *************** function _USBEnableEndpoint *****************
 Defined at:
		line 872 in file "../src/framework/usb/src/usb_device.c"
 Parameters:    Size  Location     Type
  ep              1    wreg     unsigned char 
  options         1    8[COMRAM] unsigned char 
 Auto vars:     Size  Location     Type
  ep              1   11[COMRAM] unsigned char 
  p               2    9[COMRAM] PTR unsigned char 
		 -> UEP0(1), 
 Return value:  Size  Location     Type
                  1    wreg      void 
 Registers used:
		wreg, fsr2l, fsr2h, status,2, status,0, prodl, prodh, cstack
 Tracked objects:
		On entry : 
		On exit  : 
		Unchanged: 
 Data sizes:     COMRAM   BANK0   BANK1   BANK2   BANK3   BANK4   BANK5   BANK6   BANK7
      Params:         1       0       0       0       0       0       0       0       0
      Locals:         3       0       0       0       0       0       0       0       0
      Temps:          0       0       0       0       0       0       0       0       0
      Totals:         4       0       0       0       0       0       0       0       0
Total ram usage:        4 bytes
 Hardware stack levels used:    1
 Hardware stack levels required when called:    1
 This function calls:
		_USBConfigureEndpoint
 This function is called by:
		_CDCInitEP
 This function uses a non-reentrant model


 *************** function _USBConfigureEndpoint *****************
 Defined at:
		line 1537 in file "../src/framework/usb/src/usb_device.c"
 Parameters:    Size  Location     Type
  EPNum           1    wreg     unsigned char 
  direction       1    0[COMRAM] unsigned char 
 Auto vars:     Size  Location     Type
  EPNum           1    5[COMRAM] unsigned char 
  handle          2    6[COMRAM] PTR volatile struct __BD
		 -> BDT(48), 
 Return value:  Size  Location     Type
                  1    wreg      void 
 Registers used:
		wreg, fsr2l, fsr2h, status,2, status,0, prodl, prodh
 Tracked objects:
		On entry : 
		On exit  : 
		Unchanged: 
 Data sizes:     COMRAM   BANK0   BANK1   BANK2   BANK3   BANK4   BANK5   BANK6   BANK7
      Params:         1       0       0       0       0       0       0       0       0
      Locals:         3       0       0       0       0       0       0       0       0
      Temps:          4       0       0       0       0       0       0       0       0
      Totals:         8       0       0       0       0       0       0       0       0
Total ram usage:        8 bytes
 Hardware stack levels used:    1
 This function calls:
		Nothing
 This function is called by:
		_USBEnableEndpoint
 This function uses a non-reentrant model


 *************** function _USBCtrlTrfOutHandler *****************
 Defined at:
		line 2535 in file "../src/framework/usb/src/usb_device.c"
 Parameters:    Size  Location     Type
		None
 Auto vars:     Size  Location     Type
		None
 Return value:  Size  Location     Type
                  1    wreg      void 
 Registers used:
		wreg, fsr1l, fsr1h, fsr2l, fsr2h, status,2, status,0, prodl, prodh, cstack
 Tracked objects:
		On entry : 
		On exit  : 
		Unchanged: 
 Data sizes:     COMRAM   BANK0   BANK1   BANK2   BANK3   BANK4   BANK5   BANK6   BANK7
      Params:         0       0       0       0       0       0       0       0       0
      Locals:         0       0       0       0       0       0       0       0       0
      Temps:          0       0       0       0       0       0       0       0       0
      Totals:         0       0       0       0       0       0       0       0       0
Total ram usage:        0 bytes
 Hardware stack levels used:    1
 Hardware stack levels required when called:    2
 This function calls:
		_USBCtrlTrfRxService
 This function is called by:
		_USBCtrlEPService
 This function uses a non-reentrant model


 *************** function _USBCtrlTrfRxService *****************
 Defined at:
		line 1846 in file "../src/framework/usb/src/usb_device.c"
 Parameters:    Size  Location     Type
		None
 Auto vars:     Size  Location     Type
  byteToRead      1    1[COMRAM] unsigned char 
  i               1    0[COMRAM] unsigned char 
 Return value:  Size  Location     Type
                  1    wreg      void 
 Registers used:
		wreg, fsr1l, fsr1h, fsr2l, fsr2h, status,2, status,0, prodl, prodh, cstack
 Tracked objects:
		On entry : 
		On exit  : 
		Unchanged: 
 Data sizes:     COMRAM   BANK0   BANK1   BANK2   BANK3   BANK4   BANK5   BANK6   BANK7
      Params:         0       0       0       0       0       0       0       0       0
      Locals:         2       0       0       0       0       0       0       0       0
      Temps:          0       0       0       0       0       0       0       0       0
      Totals:         2       0       0       0       0       0       0       0       0
Total ram usage:        2 bytes
 Hardware stack levels used:    1
 Hardware stack levels required when called:    1
 This function calls:
		_USBCtrlEPAllowStatusStage
 This function is called by:
		_USBCtrlTrfOutHandler
 This function uses a non-reentrant model


 *************** function _USBCtrlEPAllowStatusStage *****************
 Defined at:
		line 1410 in file "../src/framework/usb/src/usb_device.c"
 Parameters:    Size  Location     Type
		None
 Auto vars:     Size  Location     Type
		None
 Return value:  Size  Location     Type
                  1    wreg      void 
 Registers used:
		wreg, fsr2l, fsr2h, status,2, status,0
 Tracked objects:
		On entry : 
		On exit  : 
		Unchanged: 
 Data sizes:     COMRAM   BANK0   BANK1   BANK2   BANK3   BANK4   BANK5   BANK6   BANK7
      Params:         0       0       0       0       0       0       0       0       0
      Locals:         0       0       0       0       0       0       0       0       0
      Temps:          0       0       0       0       0       0       0       0       0
      Totals:         0       0       0       0       0       0       0       0       0
Total ram usage:        0 bytes
 Hardware stack levels used:    1
 This function calls:
		Nothing
 This function is called by:
		_USBDeviceTasks
		_USBCtrlEPServiceComplete
		_USBCtrlTrfRxService
 This function uses a non-reentrant model


 *************** function _USBCtrlTrfInHandler *****************
 Defined at:
		line 2589 in file "../src/framework/usb/src/usb_device.c"
 Parameters:    Size  Location     Type
		None
 Auto vars:     Size  Location     Type
  lastDTS         1    1[COMRAM] unsigned char 
 Return value:  Size  Location     Type
                  1    wreg      void 
 Registers used:
		wreg, fsr1l, fsr1h, fsr2l, fsr2h, status,2, status,0, tblptrl, tblptrh, tblptru, cstack
 Tracked objects:
		On entry : 
		On exit  : 
		Unchanged: 
 Data sizes:     COMRAM   BANK0   BANK1   BANK2   BANK3   BANK4   BANK5   BANK6   BANK7
      Params:         0       0       0       0       0       0       0       0       0
      Locals:         1       0       0       0       0       0       0       0       0
      Temps:          0       0       0       0       0       0       0       0       0
      Totals:         1       0       0       0       0       0       0       0       0
Total ram usage:        1 bytes
 Hardware stack levels used:    1
 Hardware stack levels required when called:    1
 This function calls:
		_USBCtrlTrfTxService
 This function is called by:
		_USBCtrlEPService
 This function uses a non-reentrant model


 *************** function _USBCtrlTrfTxService *****************
 Defined at:
		line 1765 in file "../src/framework/usb/src/usb_device.c"
 Parameters:    Size  Location     Type
		None
 Auto vars:     Size  Location     Type
  byteToSend      1    0[COMRAM] unsigned char 
 Return value:  Size  Location     Type
                  1    wreg      void 
 Registers used:
		wreg, fsr1l, fsr1h, fsr2l, fsr2h, status,2, status,0, tblptrl, tblptrh, tblptru
 Tracked objects:
		On entry : 
		On exit  : 
		Unchanged: 
 Data sizes:     COMRAM   BANK0   BANK1   BANK2   BANK3   BANK4   BANK5   BANK6   BANK7
      Params:         0       0       0       0       0       0       0       0       0
      Locals:         1       0       0       0       0       0       0       0       0
      Temps:          0       0       0       0       0       0       0       0       0
      Totals:         1       0       0       0       0       0       0       0       0
Total ram usage:        1 bytes
 Hardware stack levels used:    1
 This function calls:
		Nothing
 This function is called by:
		_USBCtrlEPAllowDataStage
		_USBCtrlTrfInHandler
 This function uses a non-reentrant model



MODULE INFORMATION

Module		Function		Class		Link	Load	Size
../src/system_config/picdem_fs_usb/system.c
		_SYS_InterruptHigh		CODE           	0008	0000	161
		_SYSTEM_Initialize		CODE           	352E	0000	31

../src/system_config/picdem_fs_usb/system.c estimated size: 192

../src/pulse_gen_init.c
		_init_pulse_gen_ports		CODE           	3272	0000	87
		_init_pulse_gen_timer		CODE           	34EA	0000	35
		_init_pulse_gen_com_variables		CODE           	1B64	0000	263
		_init_pulse_gen		CODE           	354C	0000	15

../src/pulse_gen_init.c estimated size: 400

../src/pulse_gen_com_tasks.c
		_mii_validate_received_data		CODE           	2020	0000	223
		_initiate_com_data_transmission		CODE           	284C	0000	165
		_initiate_pulse_generation		CODE           	08CC	0000	931
		_process_com_request		CODE           	2ABC	0000	141
		_mii_get_data_offset_index		CODE           	3346	0000	59
		_initiate_pulse_generation_1		CODE           	193E	0000	281
		_initiate_pulse_generation_2		CODE           	1826	0000	281
		_initiate_pulse_generation_3		CODE           	170E	0000	281
		_initiate_pulse_generation_4		CODE           	15F6	0000	281
		_pulse_gen_com_task		CODE           	3380	0000	53

../src/pulse_gen_com_tasks.c estimated size: 2696

../src/app_device_cdc_basic.c
		_APP_DeviceCDCBasicDemoTasks		CODE           	1C6A	0000	257
		_APP_DeviceCDCBasicDemoInitialize		CODE           	34C4	0000	39

../src/app_device_cdc_basic.c estimated size: 296

../src/pulse_gen_tasks.c
		_pulse_gen     		CODE           	0ED2	0000	311
		_pulse_gen_set1		CODE           	2DCA	0000	127
		_pulse_gen_set2		CODE           	2D4C	0000	127
		_pulse_gen_set3		CODE           	2CCE	0000	127
		_pulse_gen_set4		CODE           	2C50	0000	127
		_phy_generate_pulse1		CODE           	30E4	0000	107
		_phy_generate_pulse2		CODE           	307A	0000	107
		_phy_generate_pulse3		CODE           	3010	0000	107
		_pulse_gen_tasks		CODE           	2E48	0000	123
		_phy_generate_pulse4		CODE           	2FA6	0000	107

../src/pulse_gen_tasks.c estimated size: 1370

../src/framework/usb/src/usb_device.c
		_USBCtrlTrfInHandler		CODE           	24D4	0000	187
		_USBTransferOnePacket		CODE           	235C	0000	191
		_USBDeviceAttach		CODE           	33B4	0000	53
		_USBStdGetDscHandler		CODE           	1270	0000	303
		_USBCtrlEPAllowDataStage		CODE           	28F0	0000	159
		_USBStdFeatureReqHandler		CODE           	0C6E	0000	613
		_USBCtrlEPAllowStatusStage		CODE           	2298	0000	197
		_USBCtrlTrfSetupHandler		CODE           	2BCC	0000	133
		_USBCtrlTrfOutHandler		CODE           	3216	0000	93
		_USBCtrlEPServiceComplete		CODE           	1D6A	0000	243
		_USBSuspend    		CODE           	349C	0000	41
		_USBStdSetCfgHandler		CODE           	1F3E	0000	227
		_USBStdGetStatusHandler		CODE           	27A4	0000	169
		_USBWakeFromSuspend		CODE           	3418	0000	47
		_USBCtrlTrfRxService		CODE           	1A56	0000	271
		_USBCtrlTrfTxService		CODE           	21CC	0000	205
		_USBEnableEndpoint		CODE           	330A	0000	61
		_USBConfigureEndpoint		CODE           	2A28	0000	149
		_USBDeviceInit 		CODE           	139E	0000	301
		_USBCtrlEPService		CODE           	20FE	0000	207
		_USBStallHandler		CODE           	32C8	0000	67
		_USBDeviceTasks		CODE           	113E	0000	307
		_USBCheckStdRequest		CODE           	1E5C	0000	227

../src/framework/usb/src/usb_device.c estimated size: 4451

../src/app_led_usb_status.c
		_APP_LEDUpdateUSBStatus		CODE           	314E	0000	101

../src/app_led_usb_status.c estimated size: 101

shared
		_configDescriptor1		SMALLCONST     	0809	0000	68
		_USB_CD_Ptr    		SMALLCONST     	0807	0000	3
		_sd001         		SMALLCONST     	0880	0000	53
		_sd002         		SMALLCONST     	084C	0000	53
		i2_USBDeviceInit		CODE           	14CA	0000	301
		__initialization		CODE           	2EC2	0000	101
		_device_dsc    		SMALLCONST     	08B4	0000	19
		_USB_SD_Ptr    		SMALLCONST     	0801	0000	7
		i2_memset      		CODE           	3446	0000	45
		_sd000         		SMALLCONST     	08C6	0000	5
		i2_USBTransferOnePacket		CODE           	241A	0000	187

shared estimated size: 842

C:\Program Files (x86)\Microchip\xc8\v1.45\sources\common\lldiv.c
		___lldiv       		CODE           	2B48	0000	133

C:\Program Files (x86)\Microchip\xc8\v1.45\sources\common\lldiv.c estimated size: 133

../src/framework/usb/src/usb_device_cdc.c
		_CDCTxService  		CODE           	1008	0000	311
		_CDCInitEP     		CODE           	31B2	0000	101
		_putUSBUSART   		CODE           	350C	0000	35
		_getsUSBUSART  		CODE           	258E	0000	185
		_USBCheckCDCRequest		CODE           	2646	0000	177

../src/framework/usb/src/usb_device_cdc.c estimated size: 809

../src/main.c
		_main          		CODE           	3472	0000	43
		_USER_USB_CALLBACK_EVENT_HANDLER		CODE           	2F34	0000	115

../src/main.c estimated size: 158

C:\Program Files (x86)\Microchip\xc8\v1.45\sources\common\memset.c
		_memset        		CODE           	33E8	0000	49

C:\Program Files (x86)\Microchip\xc8\v1.45\sources\common\memset.c estimated size: 49

