Microchip MPLAB XC8 Compiler V2.40

Linker command line:

\
  --edf=C:/Program Files/Microchip/MPLABX/v6.05.02.6756/packs/Microchip/PIC18Fxxxx_DFP/1.4.145/xc8\pic\dat\20230124220537_en.msgs \
  -cn -h+dist/pic18f4550/production\TRAIN_SIMULATOR_FW.X.production.sym \
  --cmf=dist/pic18f4550/production\TRAIN_SIMULATOR_FW.X.production.cmf -z \
  -Q18F4550 -oC:\Users\i14746\AppData\Local\Temp\xcAsjvg.4 \
  --defsym=__MPLAB_BUILD=1 --fixupoverflow=error \
  -Mdist/pic18f4550/production/TRAIN_SIMULATOR_FW.X.production.map \
  --md=C:\Users\i14746\AppData\Local\Temp\xcAsjvg.dat -E1 -ver=XC8 Compiler \
  --acfsm=1493 -ACODE=00h-07FFFh -ACONST=00h-07FFFh \
  -ASMALLCONST=0800h-08FFhx120 -AMEDIUMCONST=0800h-07FFFh -ACOMRAM=01h-05Fh \
  -AABS1=00h-07FFh -ABIGRAM=01h-07FFh -ARAM=060h-0FFh,0100h-01FFhx7 \
  -ABANK0=060h-0FFh -ABANK1=0100h-01FFh -ABANK2=0200h-02FFh \
  -ABANK3=0300h-03FFh -ABANK4=0400h-04FFh -ABANK5=0500h-05FFh \
  -ABANK6=0600h-06FFh -ABANK7=0700h-07FFh -ASFR=0F60h-0FFFh \
  -ABIGSFR=0F60h-0FFFh -ACONFIG=0300000h-030000Dh -AIDLOC=0200000h-0200007h \
  -AEEDATA=0F00000h-0F000FFh -peeprom_data=EEDATA \
  -preset_vec=00h,intcode,intcodelo,powerup,init -pramtop=0800h \
  -psmallconst=SMALLCONST -pmediumconst=MEDIUMCONST -pconst=CONST \
  -AFARRAM=00h-00h \
  -prdata=COMRAM,nvrram=COMRAM,nvbit=COMRAM,rbss=COMRAM,rbit=COMRAM \
  -pfarbss=FARRAM,fardata=FARRAM,nvFARRAM=FARRAM \
  -pintsave_regs=BIGRAM,bigbss=BIGRAM,bigdata=BIGRAM -pbss=RAM \
  -pidata=CODE,irdata=CODE,ibigdata=CODE,ifardata=CODE -prparam=COMRAM \
  C:\Users\i14746\AppData\Local\Temp\xcAsjvg.o \
  dist/pic18f4550/production\TRAIN_SIMULATOR_FW.X.production.o 

Object code version is 3.11

Machine type is 18F4550



                Name                               Link     Load   Length Selector   Space Scale
C:\Users\i14746\AppData\Local\Temp\xcAsjvg.o
                idloc                            200000   200000        8        0       5
                config                           300000   300000        E        0       4
                init                                  0        0        4        0       0
dist/pic18f4550/production\TRAIN_SIMULATOR_FW.X.production.o
                idloc                            200000   200000        8        0       5
                config                           300000   300000        E        0       4
                smallconst                          800      800       CC      400       0
                text34                             1B14     1B14       F2      466       0
                text33                              F46      F46      1C2      466       0
                text32                             1C06     1C06       DE      466       0
                text31                             282C     282C       2A      466       0
                text30                             14DA     14DA      126      466       0
                text29                             27EC     27EC       40      466       0
                text28                             2762     2762       46      466       0
                text27                             1108     1108      176      466       0
                text26                             127E     127E      136      466       0
                text25                             13B4     13B4      126      466       0
                text24                             267C     267C       56      466       0
                text23                             2856     2856       22      466       0
                text22                             2878     2878        E      466       0
                text21                             1F2A     1F2A       C2      466       0
                text20                             22BE     22BE       B4      466       0
                text19                             1E68     1E68       C2      466       0
                text18                             220A     220A       B4      466       0
                text17                             1DA6     1DA6       C2      466       0
                text16                             2156     2156       B4      466       0
                text15                             1CE4     1CE4       C2      466       0
                text14                             20A2     20A2       B4      466       0
                text13                              D4C      D4C      1FA      466       0
                text12                             27A8     27A8       44      466       0
                text11                             1A20     1A20       F4      466       0
                text10                             2420     2420       A6      466       0
                text9                              256A     256A       A4      466       0
                text8                              1918     1918      108      466       0
                text7                              1810     1810      108      466       0
                text6                              1708     1708      108      466       0
                text5                              1600     1600      108      466       0
                text4                               8CC      8CC      480      466       0
                text3                              1FEC     1FEC       B6      466       0
                text2                              271A     271A       48      466       0
                text1                              24C6     24C6       A4      466       0
                text0                              26D2     26D2       48      466       0
                cstackCOMRAM                         44       44       1B        1       1
                bssBIGRAM                           2C0      2C0      1C5      2C0       1
                bssBANK2                            200      200       C0      200       1
                dataBANK1                           100      100       AE      100       1
                bssBANK1                            1AE      1AE       52      100       1
                bssBANK0                             60       60       9B       60       1
                bssCOMRAM                             1        1       43        1       1
                cinit                              260E     260E       6E      466       0
                idataBANK1                         2372     2372       AE      466       0

TOTAL           Name                               Link     Load   Length     Space
        CLASS   CODE           
                init                                  0        0        4         0
                text34                             1B14     1B14       F2         0
                text33                              F46      F46      1C2         0
                text32                             1C06     1C06       DE         0
                text31                             282C     282C       2A         0
                text30                             14DA     14DA      126         0
                text29                             27EC     27EC       40         0
                text28                             2762     2762       46         0
                text27                             1108     1108      176         0
                text26                             127E     127E      136         0
                text25                             13B4     13B4      126         0
                text24                             267C     267C       56         0
                text23                             2856     2856       22         0
                text22                             2878     2878        E         0
                text21                             1F2A     1F2A       C2         0
                text20                             22BE     22BE       B4         0
                text19                             1E68     1E68       C2         0
                text18                             220A     220A       B4         0
                text17                             1DA6     1DA6       C2         0
                text16                             2156     2156       B4         0
                text15                             1CE4     1CE4       C2         0
                text14                             20A2     20A2       B4         0
                text13                              D4C      D4C      1FA         0
                text12                             27A8     27A8       44         0
                text11                             1A20     1A20       F4         0
                text10                             2420     2420       A6         0
                text9                              256A     256A       A4         0
                text8                              1918     1918      108         0
                text7                              1810     1810      108         0
                text6                              1708     1708      108         0
                text5                              1600     1600      108         0
                text4                               8CC      8CC      480         0
                text3                              1FEC     1FEC       B6         0
                text2                              271A     271A       48         0
                text1                              24C6     24C6       A4         0
                text0                              26D2     26D2       48         0
                cinit                              260E     260E       6E         0
                idataBANK1                         2372     2372       AE         0

        CLASS   CONST          

        CLASS   SMALLCONST     
                smallconst                          800      800       CC         0

        CLASS   MEDIUMCONST    

        CLASS   COMRAM         
                cstackCOMRAM                         44       44       1B         1
                bssCOMRAM                             1        1       43         1

        CLASS   ABS1           

        CLASS   BIGRAM         
                bssBIGRAM                           2C0      2C0      1C5         1

        CLASS   RAM            

        CLASS   BANK0          
                bssBANK0                             60       60       9B         1

        CLASS   BANK1          
                dataBANK1                           100      100       AE         1
                bssBANK1                            1AE      1AE       52         1

        CLASS   BANK2          
                bssBANK2                            200      200       C0         1

        CLASS   BANK3          

        CLASS   BANK4          

        CLASS   BANK5          

        CLASS   BANK6          

        CLASS   BANK7          

        CLASS   SFR            

        CLASS   BIGSFR         

        CLASS   CONFIG         
                config                           300000   300000        E         4

        CLASS   IDLOC          
                idloc                            200000   200000        8         5

        CLASS   EEDATA         

        CLASS   FARRAM         

        CLASS   HEAP           

        CLASS   STACK          



SEGMENTS        Name                           Load    Length   Top    Selector   Space  Class

                reset_vec                      000000  000004  000004         0       0  CODE    
                bssCOMRAM                      000001  00005E  00005F         1       1  COMRAM  
                bssBANK0                       000060  00009B  0000FB        60       1  BANK0   
                dataBANK1                      000100  000100  000200       100       1  BANK1   
                bssBANK2                       000200  0000C0  0002C0       200       1  BANK2   
                bssBIGRAM                      0002C0  0001C5  000485       2C0       1  BIGRAM  
                smallconst                     000800  0000CC  0008CC       400       0  SMALLCON
                text4                          0008CC  001FBA  002886       466       0  CODE    


UNUSED ADDRESS RANGES

        Name                Unused          Largest block    Delta
        BANK0            0000FB-0000FF                5
        BANK4            000485-0004FF               7B
        BANK5            000500-0005FF              100
        BANK6            000600-0006FF              100
        BANK7            000700-0007FF              100
        BIGRAM           00005F-00005F                1
                         0000FB-0000FF                5
                         000485-0007FF              37B
        BIGSFR           000F60-000FFF               A0
        CODE             000004-0007FF              7FC
                         002886-007FFF             577A
        COMRAM           00005F-00005F                1
        CONST            000004-0007FF              7FC
                         002886-007FFF             577A
        EEDATA           F00000-F000FF              100
        MEDIUMCONST      002886-007FFF             577A
        RAM              0000FB-0000FF                5
                         000485-0007FF              100
        SFR              000F60-000FFF               A0
        SMALLCONST       002886-007FFF              100

                                  Symbol Table

?_USBTransferOnePacket                   cstackCOMRAM 000044
?___lldiv                                cstackCOMRAM 000044
?_mii_get_data_offset_index              cstackCOMRAM 000044
APP_DeviceCDCBasicDemoTasks@i            cstackCOMRAM 000056
APP_DeviceCDCBasicDemoTasks@numBytesRead cstackCOMRAM 000055
APP_LEDUpdateUSBStatus@ledCount          bssCOMRAM    000023
CDCTxService@byte_to_send                cstackCOMRAM 00004F
CDCTxService@i                           cstackCOMRAM 00004E
SYSTEM_Initialize@state                  cstackCOMRAM 000046
USBDeviceInit@i                          cstackCOMRAM 000050
USBTransferOnePacket@data                cstackCOMRAM 000045
USBTransferOnePacket@dir                 cstackCOMRAM 000044
USBTransferOnePacket@ep                  cstackCOMRAM 000048
USBTransferOnePacket@handle              cstackCOMRAM 000049
USBTransferOnePacket@len                 cstackCOMRAM 000047
_ADCON1                                  (abs)        000FC1
_APP_DeviceCDCBasicDemoTasks             text30       0014DA
_BDT                                     bssBANK0     0000BC
_BaudRateGen                             bssBANK0     0000B0
_BothEP0OutUOWNsSet                      bssCOMRAM    00002F
_CDCDataInHandle                         bssCOMRAM    00001B
_CDCDataOutHandle                        bssCOMRAM    00001D
_CDCTxService                            text33       000F46
_CDCTxService$2649                       cstackCOMRAM 00004C
_CtrlTrfData                             bssBANK0     0000EC
_INTCONbits                              (abs)        000FF2
_IPR2bits                                (abs)        000FA2
_LATAbits                                (abs)        000F89
_LATBbits                                (abs)        000F8A
_LATCbits                                (abs)        000F8B
_LATDbits                                (abs)        000F8C
_LATEbits                                (abs)        000F8D
_PIE2bits                                (abs)        000FA0
_PIR2bits                                (abs)        000FA1
_RCONbits                                (abs)        000FD0
_RemoteWakeup                            bssCOMRAM    000032
_SYSTEM_Initialize                       text29       0027EC
_SetupPkt                                bssCOMRAM    000038
_T0CON                                   (abs)        000FD5
_T0CONbits                               (abs)        000FD5
_TMR0                                    (abs)        000FD6
_TRISA                                   (abs)        000F92
_TRISBbits                               (abs)        000F93
_TRISCbits                               (abs)        000F94
_TRISDbits                               (abs)        000F95
_TRISEbits                               (abs)        000F96
_UADDR                                   (abs)        000F6E
_UCFG                                    (abs)        000F6F
_UCON                                    (abs)        000F6D
_UCONbits                                (abs)        000F6D
_UEIE                                    (abs)        000F6B
_UEIR                                    (abs)        000F6A
_UEP0                                    (abs)        000F70
_UEP0bits                                (abs)        000F70
_UEP1                                    (abs)        000F71
_UIE                                     (abs)        000F69
_UIEbits                                 (abs)        000F69
_UIR                                     (abs)        000F68
_UIRbits                                 (abs)        000F68
_USBActiveConfiguration                  bssCOMRAM    000043
_USBAlternateInterface                   bssCOMRAM    000040
_USBBusIsSuspended                       bssCOMRAM    000031
_USBDeferINDataStagePackets              bssCOMRAM    00002A
_USBDeferOUTDataStagePackets             bssCOMRAM    000029
_USBDeferStatusStagePacket               bssCOMRAM    00002D
_USBDeviceAttach                         text28       002762
_USBDeviceInit                           text26       00127E
_USBDeviceState                          bssCOMRAM    000035
_USBStatusStageEnabledFlag1              bssCOMRAM    00002C
_USBStatusStageEnabledFlag2              bssCOMRAM    00002B
_USBStatusStageTimeoutCounter            bssCOMRAM    00002E
_USBTransferOnePacket                    text34       001B14
_USB_CD_Ptr                              smallconst   000807
_USB_SD_Ptr                              smallconst   000801
_USTAT                                   (abs)        000F6C
_USTATcopy                               bssCOMRAM    000042
__HRAM                                   (abs)        000000
__Habs1                                  abs1         000000
__Hbank0                                 bank0        000000
__Hbank1                                 bank1        000000
__Hbank2                                 bank2        000000
__Hbank3                                 bank3        000000
__Hbank4                                 bank4        000000
__Hbank5                                 bank5        000000
__Hbank6                                 bank6        000000
__Hbank7                                 bank7        000000
__Hbigbss                                bigbss       000000
__Hbigdata                               bigdata      000000
__Hbigram                                bigram       000000
__Hbigsfr                                bigsfr       000000
__Hbss                                   bss          000000
__HbssBANK0                              bssBANK0     000000
__HbssBANK1                              bssBANK1     000000
__HbssBANK2                              bssBANK2     000000
__HbssBIGRAM                             bssBIGRAM    000000
__HbssCOMRAM                             bssCOMRAM    000000
__Hcinit                                 cinit        000000
__Hclrtext                               clrtext      000000
__Hcomram                                comram       000000
__Hconfig                                config       30000E
__Hconst                                 const        000000
__HcstackCOMRAM                          cstackCOMRAM 000000
__Hdata                                  data         000000
__HdataBANK1                             dataBANK1    000000
__Heeprom_data                           eeprom_data  000000
__Hfarbss                                farbss       000000
__Hfardata                               fardata      000000
__Hheap                                  heap         000000
__Hibigdata                              ibigdata     000000
__Hidata                                 idata        000000
__HidataBANK1                            idataBANK1   000000
__Hidloc                                 idloc        200008
__Hifardata                              ifardata     000000
__Hinit                                  init         000004
__Hintcode                               intcode      000000
__Hintcode_body                          intcode_body 000000
__Hintcodelo                             intcodelo    000000
__Hintentry                              intentry     000000
__Hintret                                intret       000000
__Hintsave_regs                          intsave_regs 000000
__Hirdata                                irdata       000000
__Hmediumconst                           mediumconst  000000
__HnvFARRAM                              nvFARRAM     000000
__Hnvbit                                 nvbit        000000
__Hnvrram                                nvrram       000000
__Hparam                                 rparam       000000
__Hpowerup                               powerup      000000
__Hram                                   ram          000000
__Hramtop                                ramtop       000800
__Hrbit                                  rbit         000000
__Hrbss                                  rbss         000000
__Hrdata                                 rdata        000000
__Hreset_vec                             reset_vec    000000
__Hrparam                                rparam       000000
__Hsfr                                   sfr          000000
__Hsmallconst                            smallconst   0008CC
__Hspace_0                               (abs)        002886
__Hspace_1                               (abs)        000485
__Hspace_2                               (abs)        000000
__Hspace_4                               (abs)        60000E
__Hstack                                 stack        000000
__Hstruct                                struct       000000
__Htemp                                  temp         000000
__Htext                                  text         000000
__Htext0                                 text0        000000
__Htext1                                 text1        000000
__Htext10                                text10       000000
__Htext11                                text11       000000
__Htext12                                text12       000000
__Htext13                                text13       000000
__Htext14                                text14       000000
__Htext15                                text15       000000
__Htext16                                text16       000000
__Htext17                                text17       000000
__Htext18                                text18       000000
__Htext19                                text19       000000
__Htext2                                 text2        000000
__Htext20                                text20       000000
__Htext21                                text21       000000
__Htext22                                text22       000000
__Htext23                                text23       000000
__Htext24                                text24       000000
__Htext25                                text25       000000
__Htext26                                text26       000000
__Htext27                                text27       000000
__Htext28                                text28       000000
__Htext29                                text29       000000
__Htext3                                 text3        000000
__Htext30                                text30       000000
__Htext31                                text31       000000
__Htext32                                text32       000000
__Htext33                                text33       000000
__Htext34                                text34       000000
__Htext4                                 text4        000000
__Htext5                                 text5        000000
__Htext6                                 text6        000000
__Htext7                                 text7        000000
__Htext8                                 text8        000000
__Htext9                                 text9        000000
__LRAM                                   (abs)        000001
__Labs1                                  abs1         000000
__Lbank0                                 bank0        000000
__Lbank1                                 bank1        000000
__Lbank2                                 bank2        000000
__Lbank3                                 bank3        000000
__Lbank4                                 bank4        000000
__Lbank5                                 bank5        000000
__Lbank6                                 bank6        000000
__Lbank7                                 bank7        000000
__Lbigbss                                bigbss       000000
__Lbigdata                               bigdata      000000
__Lbigram                                bigram       000000
__Lbigsfr                                bigsfr       000000
__Lbss                                   bss          000000
__LbssBANK0                              bssBANK0     000000
__LbssBANK1                              bssBANK1     000000
__LbssBANK2                              bssBANK2     000000
__LbssBIGRAM                             bssBIGRAM    000000
__LbssCOMRAM                             bssCOMRAM    000000
__Lcinit                                 cinit        000000
__Lclrtext                               clrtext      000000
__Lcomram                                comram       000000
__Lconfig                                config       000000
__Lconst                                 const        000000
__LcstackCOMRAM                          cstackCOMRAM 000000
__Ldata                                  data         000000
__LdataBANK1                             dataBANK1    000000
__Leeprom_data                           eeprom_data  000000
__Lfarbss                                farbss       000000
__Lfardata                               fardata      000000
__Lheap                                  heap         000000
__Libigdata                              ibigdata     000000
__Lidata                                 idata        000000
__LidataBANK1                            idataBANK1   000000
__Lidloc                                 idloc        000000
__Lifardata                              ifardata     000000
__Linit                                  init         000000
__Lintcode                               intcode      000000
__Lintcode_body                          intcode_body 000000
__Lintcodelo                             intcodelo    000000
__Lintentry                              intentry     000000
__Lintret                                intret       000000
__Lintsave_regs                          intsave_regs 000000
__Lirdata                                irdata       000000
__Lmediumconst                           mediumconst  000000
__LnvFARRAM                              nvFARRAM     000000
__Lnvbit                                 nvbit        000000
__Lnvrram                                nvrram       000000
__Lparam                                 rparam       000000
__Lpowerup                               powerup      000000
__Lram                                   ram          000000
__Lramtop                                ramtop       000800
__Lrbit                                  rbit         000000
__Lrbss                                  rbss         000000
__Lrdata                                 rdata        000000
__Lreset_vec                             reset_vec    000000
__Lrparam                                rparam       000000
__Lsfr                                   sfr          000000
__Lsmallconst                            smallconst   000800
__Lspace_0                               (abs)        000000
__Lspace_1                               (abs)        000000
__Lspace_2                               (abs)        000000
__Lspace_4                               (abs)        000000
__Lstack                                 stack        000000
__Lstruct                                struct       000000
__Ltemp                                  temp         000000
__Ltext                                  text         000000
__Ltext0                                 text0        000000
__Ltext1                                 text1        000000
__Ltext10                                text10       000000
__Ltext11                                text11       000000
__Ltext12                                text12       000000
__Ltext13                                text13       000000
__Ltext14                                text14       000000
__Ltext15                                text15       000000
__Ltext16                                text16       000000
__Ltext17                                text17       000000
__Ltext18                                text18       000000
__Ltext19                                text19       000000
__Ltext2                                 text2        000000
__Ltext20                                text20       000000
__Ltext21                                text21       000000
__Ltext22                                text22       000000
__Ltext23                                text23       000000
__Ltext24                                text24       000000
__Ltext25                                text25       000000
__Ltext26                                text26       000000
__Ltext27                                text27       000000
__Ltext28                                text28       000000
__Ltext29                                text29       000000
__Ltext3                                 text3        000000
__Ltext30                                text30       000000
__Ltext31                                text31       000000
__Ltext32                                text32       000000
__Ltext33                                text33       000000
__Ltext34                                text34       000000
__Ltext4                                 text4        000000
__Ltext5                                 text5        000000
__Ltext6                                 text6        000000
__Ltext7                                 text7        000000
__Ltext8                                 text8        000000
__Ltext9                                 text9        000000
__S0                                     (abs)        002886
__S1                                     (abs)        000485
__S4                                     (abs)        000000
__S5                                     (abs)        000000
___heap_hi                               (abs)        000000
___heap_lo                               (abs)        000000
___inthi_sp                              stack        000000
___intlo_sp                              stack        000000
___lldiv                                 text9        00256A
___lldiv@counter                         cstackCOMRAM 000050
___lldiv@dividend                        cstackCOMRAM 000044
___lldiv@divisor                         cstackCOMRAM 000048
___lldiv@quotient                        cstackCOMRAM 00004C
___param_bank                            (abs)        000000
___rparam_used                           (abs)        000001
___sp                                    stack        000000
__accesstop                              (abs)        000060
__activetblptr                           (abs)        000002
__end_of_APP_DeviceCDCBasicDemoTasks     text30       001600
__end_of_CDCTxService                    text33       001108
__end_of_SYSTEM_Initialize               text29       00282C
__end_of_USBDeviceAttach                 text28       0027A8
__end_of_USBDeviceInit                   text26       0013B4
__end_of_USBTransferOnePacket            text34       001C06
__end_of_USB_CD_Ptr                      smallconst   000809
__end_of_USB_SD_Ptr                      smallconst   000807
__end_of___lldiv                         text9        00260E
__end_of__initialization                 cinit        002672
__end_of_configDescriptor1               smallconst   00084C
__end_of_device_dsc                      smallconst   0008C6
__end_of_getsUSBUSART                    text32       001CE4
__end_of_init_pulse_gen                  text22       002886
__end_of_init_pulse_gen_com_variables    text25       0014DA
__end_of_init_pulse_gen_ports            text24       0026D2
__end_of_init_pulse_gen_timer            text23       002878
__end_of_initiate_com_data_transmission  text10       0024C6
__end_of_initiate_pulse_generation       text4        000D4C
__end_of_initiate_pulse_generation_1     text8        001A20
__end_of_initiate_pulse_generation_2     text7        001918
__end_of_initiate_pulse_generation_3     text6        001810
__end_of_initiate_pulse_generation_4     text5        001708
__end_of_main                            text0        00271A
__end_of_memset                          text27       00127E
__end_of_mii_get_data_offset_index       text12       0027EC
__end_of_mii_validate_received_data      text11       001B14
__end_of_phy_generate_pulse1             text21       001FEC
__end_of_phy_generate_pulse2             text19       001F2A
__end_of_phy_generate_pulse3             text17       001E68
__end_of_phy_generate_pulse4             text15       001DA6
__end_of_process_com_request             text3        0020A2
__end_of_pulse_gen                       text13       000F46
__end_of_pulse_gen_com_task              text2        002762
__end_of_pulse_gen_set1                  text20       002372
__end_of_pulse_gen_set2                  text18       0022BE
__end_of_pulse_gen_set3                  text16       00220A
__end_of_pulse_gen_set4                  text14       002156
__end_of_pulse_gen_tasks                 text1        00256A
__end_of_putUSBUSART                     text31       002856
__end_of_sd000                           smallconst   0008CA
__end_of_sd001                           smallconst   0008B4
__end_of_sd002                           smallconst   000880
__initialization                         cinit        00260E
__mediumconst                            mediumconst  000000
__pbssBANK0                              bssBANK0     000060
__pbssBANK1                              bssBANK1     0001AE
__pbssBANK2                              bssBANK2     000200
__pbssBIGRAM                             bssBIGRAM    0002C0
__pbssCOMRAM                             bssCOMRAM    000001
__pcinit                                 cinit        00260E
__pcstackCOMRAM                          cstackCOMRAM 000044
__pdataBANK1                             dataBANK1    000100
__pidataBANK1                            idataBANK1   002372
__psmallconst                            smallconst   000800
__ptext0                                 text0        0026D2
__ptext1                                 text1        0024C6
__ptext10                                text10       002420
__ptext11                                text11       001A20
__ptext12                                text12       0027A8
__ptext13                                text13       000D4C
__ptext14                                text14       0020A2
__ptext15                                text15       001CE4
__ptext16                                text16       002156
__ptext17                                text17       001DA6
__ptext18                                text18       00220A
__ptext19                                text19       001E68
__ptext2                                 text2        00271A
__ptext20                                text20       0022BE
__ptext21                                text21       001F2A
__ptext22                                text22       002878
__ptext23                                text23       002856
__ptext24                                text24       00267C
__ptext25                                text25       0013B4
__ptext26                                text26       00127E
__ptext27                                text27       001108
__ptext28                                text28       002762
__ptext29                                text29       0027EC
__ptext3                                 text3        001FEC
__ptext30                                text30       0014DA
__ptext31                                text31       00282C
__ptext32                                text32       001C06
__ptext33                                text33       000F46
__ptext34                                text34       001B14
__ptext4                                 text4        0008CC
__ptext5                                 text5        001600
__ptext6                                 text6        001708
__ptext7                                 text7        001810
__ptext8                                 text8        001918
__ptext9                                 text9        00256A
__ramtop                                 ramtop       000800
__smallconst                             smallconst   000800
_buttonPressed                           bssCOMRAM    000036
_cdc_data_rx                             bssBANK1     0001B8
_cdc_data_tx                             bssBANK2     000200
_cdc_mem_type                            bssCOMRAM    000026
_cdc_notice                              bssBANK1     0001AE
_cdc_rx_len                              bssCOMRAM    000028
_cdc_trf_state                           bssCOMRAM    000037
_cdc_tx_len                              bssCOMRAM    000027
_com_data                                bssBIGRAM    0002C0
_com_timers                              bssBANK0     0000A4
_configDescriptor1                       smallconst   000809
_controlTransferState                    bssCOMRAM    000033
_control_signal_bitmap                   bssCOMRAM    000025
_device_dsc                              smallconst   0008B4
_dummy_encapsulated_cmd_response         bssBANK1     0001F8
_endpoint_number                         bssCOMRAM    000030
_ep_data_in                              bssCOMRAM    000018
_ep_data_out                             bssCOMRAM    000015
_getsUSBUSART                            text32       001C06
_getsUSBUSART$2601                       cstackCOMRAM 00004F
_inPipes                                 bssCOMRAM    000009
_init_pulse_gen                          text22       002878
_init_pulse_gen_com_variables            text25       0013B4
_init_pulse_gen_ports                    text24       00267C
_init_pulse_gen_timer                    text23       002856
_initiate_com_data_transmission          text10       002420
_initiate_pulse_generation               text4        0008CC
_initiate_pulse_generation_1             text8        001918
_initiate_pulse_generation_2             text7        001810
_initiate_pulse_generation_3             text6        001708
_initiate_pulse_generation_4             text5        001600
_line_coding                             bssBANK0     0000F4
_main                                    text0        0026D2
_memset                                  text27       001108
_mii_get_data_offset_index               text12       0027A8
_mii_validate_received_data              text11       001A20
_outPipes                                bssCOMRAM    000001
_pBDTEntryEP0OutCurrent                  bssCOMRAM    000021
_pBDTEntryEP0OutNext                     bssCOMRAM    00001F
_pBDTEntryIn                             bssCOMRAM    00000F
_pBDTEntryOut                            bssBANK0     0000AA
_pCDCDst                                 bssBANK0     0000B4
_pCDCSrc                                 bssBANK0     0000B7
_pDst                                    bssBANK0     0000BA
_phy_generate_pulse1                     text21       001F2A
_phy_generate_pulse2                     text19       001E68
_phy_generate_pulse3                     text17       001DA6
_phy_generate_pulse4                     text15       001CE4
_process_com_request                     text3        001FEC
_pulse_gen                               text13       000D4C
_pulse_gen_com_task                      text2        00271A
_pulse_gen_set1                          text20       0022BE
_pulse_gen_set2                          text18       00220A
_pulse_gen_set3                          text16       002156
_pulse_gen_set4                          text14       0020A2
_pulse_gen_tasks                         text1        0024C6
_pulse_generator_1                       bssBANK0     000093
_pulse_generator_2                       bssBANK0     000082
_pulse_generator_3                       bssBANK0     000071
_pulse_generator_4                       bssBANK0     000060
_putUSBUSART                             text31       00282C
_readBuffer                              bssBANK2     000280
_sd000                                   smallconst   0008C6
_sd001                                   smallconst   000880
_sd002                                   smallconst   00084C
_shortPacketStatus                       bssCOMRAM    000034
_wheel_Timings                           dataBANK1    000100
_writeBuffer                             bssBANK2     000240
end_of_initialization                    cinit        002672
getsUSBUSART@buffer                      cstackCOMRAM 00004B
getsUSBUSART@len                         cstackCOMRAM 00004D
init_pulse_gen_com_variables@i           cstackCOMRAM 000044
initiate_com_data_transmission@bit_arb   cstackCOMRAM 000044
initiate_com_data_transmission@i         cstackCOMRAM 000045
initiate_pulse_generation@long_byte_data cstackCOMRAM 000059
intlevel0                                text         000000
intlevel1                                text         000000
intlevel2                                text         000000
intlevel3                                text         000000
isa$std                                  (abs)        000001
isa$xinst                                (abs)        000000
memset@c                                 cstackCOMRAM 000046
memset@dest                              cstackCOMRAM 000044
memset@k                                 cstackCOMRAM 00004C
memset@n                                 cstackCOMRAM 000048
memset@s                                 cstackCOMRAM 00004E
mii_get_data_offset_index@Position       cstackCOMRAM 000046
mii_get_data_offset_index@ReadPointer    cstackCOMRAM 000044
mii_get_data_offset_index@ReturnValue    cstackCOMRAM 000048
mii_get_data_offset_index@TempPosition   cstackCOMRAM 00004A
mii_validate_received_data@i             cstackCOMRAM 000051
mii_validate_received_data@j             cstackCOMRAM 00004F
mii_validate_received_data@temp          cstackCOMRAM 00004D
putUSBUSART@data                         cstackCOMRAM 000044
putUSBUSART@length                       cstackCOMRAM 000046
stackhi                                  (abs)        000000
stacklo                                  (abs)        000000
start                                    init         000000
start_initialization                     cinit        00260E


MODULE INFORMATION

Module		Function		Class		Link	Load	Size
../src/system_config/picdem_fs_usb/system.c
		_SYSTEM_Initialize		CODE           	27EC	0000	64

../src/system_config/picdem_fs_usb/system.c estimated size: 64

../src/pulse_gen_init.c
		_init_pulse_gen_ports		CODE           	267C	0000	86
		_init_pulse_gen_timer		CODE           	2856	0000	34
		_init_pulse_gen_com_variables		CODE           	13B4	0000	294
		_init_pulse_gen		CODE           	2878	0000	14

../src/pulse_gen_init.c estimated size: 428

../src/pulse_gen_com_tasks.c
		_mii_validate_received_data		CODE           	1A20	0000	244
		_initiate_com_data_transmission		CODE           	2420	0000	166
		_initiate_pulse_generation		CODE           	08CC	0000	1152
		_process_com_request		CODE           	1FEC	0000	182
		_mii_get_data_offset_index		CODE           	27A8	0000	68
		_initiate_pulse_generation_1		CODE           	1918	0000	264
		_initiate_pulse_generation_2		CODE           	1810	0000	264
		_initiate_pulse_generation_3		CODE           	1708	0000	264
		_initiate_pulse_generation_4		CODE           	1600	0000	264
		_pulse_gen_com_task		CODE           	271A	0000	72

../src/pulse_gen_com_tasks.c estimated size: 2940

../src/app_device_cdc_basic.c
		_APP_DeviceCDCBasicDemoTasks		CODE           	14DA	0000	294

../src/app_device_cdc_basic.c estimated size: 294

../src/pulse_gen_tasks.c
		_pulse_gen     		CODE           	0D4C	0000	506
		_pulse_gen_set1		CODE           	22BE	0000	180
		_pulse_gen_set2		CODE           	220A	0000	180
		_pulse_gen_set3		CODE           	2156	0000	180
		_pulse_gen_set4		CODE           	20A2	0000	180
		_phy_generate_pulse1		CODE           	1F2A	0000	194
		_phy_generate_pulse2		CODE           	1E68	0000	194
		_phy_generate_pulse3		CODE           	1DA6	0000	194
		_pulse_gen_tasks		CODE           	24C6	0000	164
		_phy_generate_pulse4		CODE           	1CE4	0000	194

../src/pulse_gen_tasks.c estimated size: 2166

C:\Program Files\Microchip\xc8\v2.40\pic\sources\c99\common\__lldiv.c
		___lldiv       		CODE           	256A	0000	164

C:\Program Files\Microchip\xc8\v2.40\pic\sources\c99\common\__lldiv.c estimated size: 164

../src/framework/usb/src/usb_device.c
		_USBTransferOnePacket		CODE           	1B14	0000	242
		_USBDeviceAttach		CODE           	2762	0000	70
		_USBDeviceInit 		CODE           	127E	0000	310

../src/framework/usb/src/usb_device.c estimated size: 622

shared
		_configDescriptor1		SMALLCONST     	0809	0000	67
		_USB_CD_Ptr    		SMALLCONST     	0807	0000	2
		_sd001         		SMALLCONST     	0880	0000	52
		_sd002         		SMALLCONST     	084C	0000	52
		__initialization		CODE           	260E	0000	100
		_device_dsc    		SMALLCONST     	08B4	0000	18
		_USB_SD_Ptr    		SMALLCONST     	0801	0000	6
		_sd000         		SMALLCONST     	08C6	0000	4

shared estimated size: 301

C:\Program Files\Microchip\xc8\v2.40\pic\sources\c99\common\memset.c
		_memset        		CODE           	1108	0000	374

C:\Program Files\Microchip\xc8\v2.40\pic\sources\c99\common\memset.c estimated size: 374

../src/framework/usb/src/usb_device_cdc.c
		_CDCTxService  		CODE           	0F46	0000	450
		_putUSBUSART   		CODE           	282C	0000	42
		_getsUSBUSART  		CODE           	1C06	0000	222

../src/framework/usb/src/usb_device_cdc.c estimated size: 714

../src/main.c
		_main          		CODE           	26D2	0000	72

../src/main.c estimated size: 72

